Archive member included to satisfy reference by file (symbol)

c:/devkitPro/libctru/lib\libctru.a(gfx.o)
                              main.o (gfxInitDefault)
c:/devkitPro/libctru/lib\libctru.a(console.o)
                              main.o (consoleInit)
c:/devkitPro/libctru/lib\libctru.a(gx.o)
                              c:/devkitPro/libctru/lib\libctru.a(gfx.o) (gxCmdBuf)
c:/devkitPro/libctru/lib\libctru.a(hid.o)
                              main.o (hidScanInput)
c:/devkitPro/libctru/lib\libctru.a(apt.o)
                              main.o (aptMainLoop)
c:/devkitPro/libctru/lib\libctru.a(gspgpu.o)
                              c:/devkitPro/libctru/lib\libctru.a(gfx.o) (gspInit)
c:/devkitPro/libctru/lib\libctru.a(irrst.o)
                              c:/devkitPro/libctru/lib\libctru.a(hid.o) (irrstScanInput)
c:/devkitPro/libctru/lib\libctru.a(initArgv.o)
                              c:/devkitpro/devkitarm/bin/../lib/gcc/arm-none-eabi/6.3.0/../../../../arm-none-eabi/lib/armv6k/fpu/3dsx_crt0.o (__system_argc)
c:/devkitPro/libctru/lib\libctru.a(initSystem.o)
                              c:/devkitPro/libctru/lib\libctru.a(apt.o) (__system_retAddr)
c:/devkitPro/libctru/lib\libctru.a(svc.o)
                              c:/devkitPro/libctru/lib\libctru.a(apt.o) (svcExitProcess)
c:/devkitPro/libctru/lib\libctru.a(stack_adjust.o)
                              c:/devkitpro/devkitarm/bin/../lib/gcc/arm-none-eabi/6.3.0/../../../../arm-none-eabi/lib/armv6k/fpu/3dsx_crt0.o (initSystem)
c:/devkitPro/libctru/lib\libctru.a(default_font.bin.o)
                              c:/devkitPro/libctru/lib\libctru.a(console.o) (default_font_bin)
c:/devkitPro/libctru/lib\libctru.a(linear.o)
                              c:/devkitPro/libctru/lib\libctru.a(gfx.o) (linearAlloc)
c:/devkitPro/libctru/lib\libctru.a(mappable.o)
                              c:/devkitPro/libctru/lib\libctru.a(gfx.o) (mappableAlloc)
c:/devkitPro/libctru/lib\libctru.a(vram.o)
                              c:/devkitPro/libctru/lib\libctru.a(gfx.o) (vramAlloc)
c:/devkitPro/libctru/lib\libctru.a(thread.o)
                              c:/devkitPro/libctru/lib\libctru.a(apt.o) (threadCreate)
c:/devkitPro/libctru/lib\libctru.a(srv.o)
                              c:/devkitPro/libctru/lib\libctru.a(apt.o) (srvInit)
c:/devkitPro/libctru/lib\libctru.a(os.o)
                              c:/devkitPro/libctru/lib\libctru.a(apt.o) (__ctru_speedup_config)
c:/devkitPro/libctru/lib\libctru.a(env.o)
                              c:/devkitPro/libctru/lib\libctru.a(irrst.o) (envGetHandle)
c:/devkitPro/libctru/lib\libctru.a(synchronization.o)
                              c:/devkitPro/libctru/lib\libctru.a(initSystem.o) (__sync_init)
c:/devkitPro/libctru/lib\libctru.a(ptmsysm.o)
                              c:/devkitPro/libctru/lib\libctru.a(os.o) (ptmSysmInit)
c:/devkitPro/libctru/lib\libctru.a(rbtree_find.o)
                              c:/devkitPro/libctru/lib\libctru.a(linear.o) (rbtree_find)
c:/devkitPro/libctru/lib\libctru.a(rbtree_remove.o)
                              c:/devkitPro/libctru/lib\libctru.a(linear.o) (rbtree_remove)
c:/devkitPro/libctru/lib\libctru.a(rbtree_iterator.o)
                              c:/devkitPro/libctru/lib\libctru.a(rbtree_remove.o) (rbtree_node_next)
c:/devkitPro/libctru/lib\libctru.a(rbtree_rotate.o)
                              c:/devkitPro/libctru/lib\libctru.a(rbtree_remove.o) (rbtree_rotate)
c:/devkitPro/libctru/lib\libctru.a(rbtree_insert.o)
                              c:/devkitPro/libctru/lib\libctru.a(linear.o) (rbtree_insert)
c:/devkitPro/libctru/lib\libctru.a(rbtree_init.o)
                              c:/devkitPro/libctru/lib\libctru.a(linear.o) (rbtree_init)
c:/devkitPro/libctru/lib\libctru.a(ctru_exit.o)
                              c:/devkitPro/libctru/lib\libctru.a(stack_adjust.o) (__libctru_exit)
c:/devkitPro/libctru/lib\libctru.a(appExit.o)
                              c:/devkitPro/libctru/lib\libctru.a(stack_adjust.o) (__appExit)
c:/devkitPro/libctru/lib\libctru.a(allocateHeaps.o)
                              c:/devkitPro/libctru/lib\libctru.a(initSystem.o) (__system_allocateHeaps)
c:/devkitPro/libctru/lib\libctru.a(syscalls.o)
                              c:/devkitPro/libctru/lib\libctru.a(initSystem.o) (__system_initSyscalls)
c:/devkitPro/libctru/lib\libctru.a(appInit.o)
                              c:/devkitPro/libctru/lib\libctru.a(stack_adjust.o) (__appInit)
c:/devkitPro/libctru/lib\libctru.a(mem_pool.o)
                              c:/devkitPro/libctru/lib\libctru.a(linear.o) (MemPool::Allocate(MemChunk&, unsigned long, int))
c:/devkitPro/libctru/lib\libctru.a(sdmc_dev.o)
                              c:/devkitPro/libctru/lib\libctru.a(appInit.o) (sdmcInit)
c:/devkitPro/libctru/lib\libctru.a(fs.o)
                              c:/devkitPro/libctru/lib\libctru.a(appInit.o) (fsInit)
c:/devkitPro/libctru/lib\libctru.a(utf8_to_utf16.o)
[...]
Memory Configuration

Name             Origin             Length             Attributes
*default*        0x00000000         0xffffffff

Linker script and memory map

                0x00100000                PROVIDE (__start__, 0x100000)
                0x00100000                . = __start__

.text           0x00100000    0x193fc
 *(.crt0)
 .crt0          0x00100000       0x94 c:/devkitpro/devkitarm/bin/../lib/gcc/arm-none-eabi/6.3.0/../../../../arm-none-eabi/lib/armv6k/fpu/3dsx_crt0.o
                0x00100000                _start
                0x00100008                __service_ptr
                0x0010000c                __apt_appid
                0x00100010                __heap_size
                0x00100014                __linear_heap_size
                0x00100018                __system_arglist
                0x0010001c                __system_runflags
 *(.init)
 .init          0x00100094        0xc c:/devkitpro/devkitarm/bin/../lib/gcc/arm-none-eabi/6.3.0/armv6k/fpu/crti.o
                0x00100094                _init
 .init          0x001000a0        0xc c:/devkitpro/devkitarm/bin/../lib/gcc/arm-none-eabi/6.3.0/armv6k/fpu/crtn.o
                0x001000ac                . = ALIGN (0x4)
 *(.text)
 .text          0x001000ac       0x64 c:/devkitPro/libctru/lib\libctru.a(stack_adjust.o)
                0x001000ac                initSystem
                0x001000f0                __ctru_exit
 .text          0x00100110      0x240 c:/devkitpro/devkitarm/bin/../lib/gcc/arm-none-eabi/6.3.0/armv6k/fpu\libgcc.a(_divsi3.o)
                0x00100110                __divsi3
                0x00100110                __aeabi_idiv
                0x00100330                __aeabi_idivmod
 .text          0x00100350        0x4 c:/devkitpro/devkitarm/bin/../lib/gcc/arm-none-eabi/6.3.0/armv6k/fpu\libgcc.a(_dvmd_tls.o)
                0x00100350                __aeabi_idiv0
                0x00100350                __aeabi_ldiv0
 .text          0x00100354       0x3c c:/devkitpro/devkitarm/bin/../lib/gcc/arm-none-eabi/6.3.0/armv6k/fpu\libgcc.a(_aeabi_uldivmod.o)
                0x00100354                __aeabi_uldivmod
 *fill*         0x00100390       0x10 
 .text          0x001003a0      0x390 c:/devkitpro/devkitarm/bin/../lib/gcc/arm-none-eabi/6.3.0/../../../../arm-none-eabi/lib/armv6k/fpu\libg.a(lib_a-strcmp.o)
                0x001003a8                strcmp
 .text          0x00100730      0x20c c:/devkitpro/devkitarm/bin/../lib/gcc/arm-none-eabi/6.3.0/armv6k/fpu\libgcc.a(_udivsi3.o)
                0x00100730                __aeabi_uidiv
                0x00100730                __udivsi3
                0x0010091c                __aeabi_uidivmod
 *(.text.*)
 .text.deregister_tm_clones
                0x0010093c       0x30 c:/devkitpro/devkitarm/bin/../lib/gcc/arm-none-eabi/6.3.0/armv6k/fpu/crtbegin.o
 .text.register_tm_clones
                0x0010096c       0x38 c:/devkitpro/devkitarm/bin/../lib/gcc/arm-none-eabi/6.3.0/armv6k/fpu/crtbegin.o
 .text.__do_global_dtors_aux
                0x001009a4       0x44 c:/devkitpro/devkitarm/bin/../lib/gcc/arm-none-eabi/6.3.0/armv6k/fpu/crtbegin.o
 .text.frame_dummy
                0x001009e8       0x5c c:/devkitpro/devkitarm/bin/../lib/gcc/arm-none-eabi/6.3.0/armv6k/fpu/crtbegin.o
 .text.startup.main
                0x00100a44       0x40 main.o
                0x00100a44                main
 .text.gfxSetFramebufferInfo.part.0
                0x00100a84       0x8c c:/devkitPro/libctru/lib\libctru.a(gfx.o)
 .text.__get_bytes_per_pixel
                0x00100b10       0x18 c:/devkitPro/libctru/lib\libctru.a(gfx.o)
                0x00100b10                __get_bytes_per_pixel
 .text.gfxSetScreenFormat
                0x00100b28      0x174 c:/devkitPro/libctru/lib\libctru.a(gfx.o)
                0x00100b28                gfxSetScreenFormat
 .text.gfxSetDoubleBuffering
                0x00100c9c       0x14 c:/devkitPro/libctru/lib\libctru.a(gfx.o)
                0x00100c9c                gfxSetDoubleBuffering
 .text.gfxSetFramebufferInfo
                0x00100cb0       0x70 c:/devkitPro/libctru/lib\libctru.a(gfx.o)
                0x00100cb0                gfxSetFramebufferInfo
 .text.gfxWriteFramebufferInfo
                0x00100d20       0x88 c:/devkitPro/libctru/lib\libctru.a(gfx.o)
                0x00100d20                gfxWriteFramebufferInfo
 .text.gfxInit  0x00100da8      0x1fc c:/devkitPro/libctru/lib\libctru.a(gfx.o)
                0x00100da8                gfxInit
 .text.gfxInitDefault
                0x00100fa4       0x10 c:/devkitPro/libctru/lib\libctru.a(gfx.o)
                0x00100fa4                gfxInitDefault
 .text.gfxExit  0x00100fb4       0xe0 c:/devkitPro/libctru/lib\libctru.a(gfx.o)
                0x00100fb4                gfxExit
 .text.gfxGetFramebuffer
                0x00101094       0xb0 c:/devkitPro/libctru/lib\libctru.a(gfx.o)
                0x00101094                gfxGetFramebuffer
 .text.gfxFlushBuffers
                0x00101144       0xc8 c:/devkitPro/libctru/lib\libctru.a(gfx.o)
                0x00101144                gfxFlushBuffers
 .text.gfxConfigScreen
                0x0010120c       0x70 c:/devkitPro/libctru/lib\libctru.a(gfx.o)
                0x0010120c                gfxConfigScreen
 .text.gfxSwapBuffersGpu
                0x0010127c       0x20 c:/devkitPro/libctru/lib\libctru.a(gfx.o)
                0x0010127c                gfxSwapBuffersGpu
 .text.debug_write
                0x0010129c       0x1c c:/devkitPro/libctru/lib\libctru.a(console.o)
                0x0010129c                debug_write
 .text.consoleDrawChar
                0x001012b8      0x1b0 c:/devkitPro/libctru/lib\libctru.a(console.o)
                0x001012b8                consoleDrawChar
 .text.consolePrintChar
                0x00101468      0x124 c:/devkitPro/libctru/lib\libctru.a(console.o)
                0x00101468                consolePrintChar
 .text.consoleCls
                0x0010158c      0x190 c:/devkitPro/libctru/lib\libctru.a(console.o)
 .text.consoleInit
                0x0010171c       0xf8 c:/devkitPro/libctru/lib\libctru.a(console.o)
                0x0010171c                consoleInit
 .text.consoleClearLine
                0x00101814      0x144 c:/devkitPro/libctru/lib\libctru.a(console.o)
 .text.newRow   0x00101958       0xbc c:/devkitPro/libctru/lib\libctru.a(console.o)
 .text.con_write
                0x00101a14      0x79c c:/devkitPro/libctru/lib\libctru.a(console.o)
                0x00101a14                con_write
 .text.hidExit  0x001021b0       0xd0 c:/devkitPro/libctru/lib\libctru.a(hid.o)
                0x001021b0                hidExit
 .text.hidScanInput
                0x00102280      0x234 c:/devkitPro/libctru/lib\libctru.a(hid.o)
                0x00102280                hidScanInput
 .text.hidKeysDown
                0x001024b4       0x10 c:/devkitPro/libctru/lib\libctru.a(hid.o)
                0x001024b4                hidKeysDown
 .text.HIDUSER_GetHandles
                0x001024c4       0x90 c:/devkitPro/libctru/lib\libctru.a(hid.o)
                0x001024c4                HIDUSER_GetHandles
 .text.hidInit  0x00102554      0x18c c:/devkitPro/libctru/lib\libctru.a(hid.o)
                0x00102554                hidInit
 .text._aptDebug
                0x001026e0        0x4 c:/devkitPro/libctru/lib\libctru.a(apt.o)
                0x001026e0                _aptDebug
 .text.aptSendCommand
                0x001026e4      0x130 c:/devkitPro/libctru/lib\libctru.a(apt.o)
                0x001026e4                aptSendCommand
 .text.aptExitProcess
                0x00102814       0x3c c:/devkitPro/libctru/lib\libctru.a(apt.o)
 .text.APT_InquireNotification
                0x00102850       0x4c c:/devkitPro/libctru/lib\libctru.a(apt.o)
                0x00102850                APT_InquireNotification
 .text.aptEventHandler
                0x0010289c      0x19c c:/devkitPro/libctru/lib\libctru.a(apt.o)
 .text.APT_AppletUtility
                0x00102a38       0x74 c:/devkitPro/libctru/lib\libctru.a(apt.o)
                0x00102a38                APT_AppletUtility
 .text.aptSetSleepAllowed
                0x00102aac       0xb4 c:/devkitPro/libctru/lib\libctru.a(apt.o)
                0x00102aac                aptSetSleepAllowed
 .text.APT_GlanceParameter
                0x00102b60       0xb4 c:/devkitPro/libctru/lib\libctru.a(apt.o)
                0x00102b60                APT_GlanceParameter
 .text.APT_ReceiveParameter
                0x00102c14       0xc0 c:/devkitPro/libctru/lib\libctru.a(apt.o)
                0x00102c14                APT_ReceiveParameter
 .text.aptReceiveParameter.constprop.1
                0x00102cd4       0xa8 c:/devkitPro/libctru/lib\libctru.a(apt.o)
 *fill*         0x00102d7c        0x4 
 .text.aptScreenTransfer
                0x00102d80      0x1ec c:/devkitPro/libctru/lib\libctru.a(apt.o)
 .text.aptWaitForWakeUp
                0x00102f6c      0x228 c:/devkitPro/libctru/lib\libctru.a(apt.o)
 .text.APT_CancelParameter
                0x00103194       0x70 c:/devkitPro/libctru/lib\libctru.a(apt.o)
                0x00103194                APT_CancelParameter
 .text.aptInit  0x00103204      0x230 c:/devkitPro/libctru/lib\libctru.a(apt.o)
                0x00103204                aptInit
 .text.aptClearParamQueue
                0x00103434       0x8c c:/devkitPro/libctru/lib\libctru.a(apt.o)
 .text.aptMainLoop
                0x001034c0      0x214 c:/devkitPro/libctru/lib\libctru.a(apt.o)
                0x001034c0                aptMainLoop
 .text.aptExit  0x001036d4      0x148 c:/devkitPro/libctru/lib\libctru.a(apt.o)
                0x001036d4                aptExit
 .text.APT_CheckNew3DS
                0x0010381c       0x70 c:/devkitPro/libctru/lib\libctru.a(apt.o)
                0x0010381c                APT_CheckNew3DS
 .text.gspEventThreadMain
                0x0010388c      0x160 c:/devkitPro/libctru/lib\libctru.a(gspgpu.o)
 .text.gspInit  0x001039ec       0x74 c:/devkitPro/libctru/lib\libctru.a(gspgpu.o)
                0x001039ec                gspInit
 .text.gspExit  0x00103a60       0x3c c:/devkitPro/libctru/lib\libctru.a(gspgpu.o)
                0x00103a60                gspExit
 .text.gspInitEventHandler
                0x00103a9c       0x88 c:/devkitPro/libctru/lib\libctru.a(gspgpu.o)
                0x00103a9c                gspInitEventHandler
 .text.gspExitEventHandler
                0x00103b24       0x30 c:/devkitPro/libctru/lib\libctru.a(gspgpu.o)
                0x00103b24                gspExitEventHandler
 .text.gspWaitForEvent
                0x00103b54       0x44 c:/devkitPro/libctru/lib\libctru.a(gspgpu.o)
                0x00103b54                gspWaitForEvent
 .text.GSPGPU_SetBufferSwap
                0x00103b98       0x6c c:/devkitPro/libctru/lib\libctru.a(gspgpu.o)
                0x00103b98                GSPGPU_SetBufferSwap
 .text.GSPGPU_FlushDataCache
                0x00103c04       0x4c c:/devkitPro/libctru/lib\libctru.a(gspgpu.o)
                0x00103c04                GSPGPU_FlushDataCache
 .text.GSPGPU_SetLcdForceBlack
                0x00103c50       0x34 c:/devkitPro/libctru/lib\libctru.a(gspgpu.o)
                0x00103c50                GSPGPU_SetLcdForceBlack
 .text.GSPGPU_RegisterInterruptRelayQueue
                0x00103c84       0x64 c:/devkitPro/libctru/lib\libctru.a(gspgpu.o)
                0x00103c84                GSPGPU_RegisterInterruptRelayQueue
 .text.GSPGPU_UnregisterInterruptRelayQueue
                0x00103ce8       0x2c c:/devkitPro/libctru/lib\libctru.a(gspgpu.o)
                0x00103ce8                GSPGPU_UnregisterInterruptRelayQueue
 .text.GSPGPU_AcquireRight
                0x00103d14       0x48 c:/devkitPro/libctru/lib\libctru.a(gspgpu.o)
                0x00103d14                GSPGPU_AcquireRight
 .text.GSPGPU_ReleaseRight
                0x00103d5c       0x2c c:/devkitPro/libctru/lib\libctru.a(gspgpu.o)
                0x00103d5c                GSPGPU_ReleaseRight
 .text.GSPGPU_ImportDisplayCaptureInfo
                0x00103d88       0x80 c:/devkitPro/libctru/lib\libctru.a(gspgpu.o)
                0x00103d88                GSPGPU_ImportDisplayCaptureInfo
 .text.GSPGPU_SaveVramSysArea
                0x00103e08       0x2c c:/devkitPro/libctru/lib\libctru.a(gspgpu.o)
                0x00103e08                GSPGPU_SaveVramSysArea
 .text.GSPGPU_RestoreVramSysArea
                0x00103e34       0x2c c:/devkitPro/libctru/lib\libctru.a(gspgpu.o)
                0x00103e34                GSPGPU_RestoreVramSysArea
 .text.irrstScanInput
                0x00103e60       0xb0 c:/devkitPro/libctru/lib\libctru.a(irrst.o)
                0x00103e60                irrstScanInput
 .text.irrstKeysHeld
                0x00103f10       0x1c c:/devkitPro/libctru/lib\libctru.a(irrst.o)
                0x00103f10                irrstKeysHeld
 .text.IRRST_GetHandles
                0x00103f2c       0x50 c:/devkitPro/libctru/lib\libctru.a(irrst.o)
                0x00103f2c                IRRST_GetHandles
 .text.irrstInit
                0x00103f7c      0x150 c:/devkitPro/libctru/lib\libctru.a(irrst.o)
                0x00103f7c                irrstInit
 .text.IRRST_Shutdown
                0x001040cc       0x2c c:/devkitPro/libctru/lib\libctru.a(irrst.o)
                0x001040cc                IRRST_Shutdown
 .text.irrstExit
                0x001040f8       0xac c:/devkitPro/libctru/lib\libctru.a(irrst.o)
                0x001040f8                irrstExit
 .text.__system_initArgv
                0x001041a4       0xe8 c:/devkitPro/libctru/lib\libctru.a(initArgv.o)
                0x001041a4                __system_initArgv
 .text.__libctru_init
                0x0010428c       0x38 c:/devkitPro/libctru/lib\libctru.a(initSystem.o)
                0x0010428c                __libctru_init
 .text.svcControlMemory
                0x001042c4       0x20 c:/devkitPro/libctru/lib\libctru.a(svc.o)
                0x001042c4                svcControlMemory
 .text.svcExitProcess
                0x001042e4        0x8 c:/devkitPro/libctru/lib\libctru.a(svc.o)
                0x001042e4                svcExitProcess
 .text.svcCreateThread
                0x001042ec       0x20 c:/devkitPro/libctru/lib\libctru.a(svc.o)
                0x001042ec                svcCreateThread
 .text.svcExitThread
                0x0010430c        0x8 c:/devkitPro/libctru/lib\libctru.a(svc.o)
                0x0010430c                svcExitThread
 .text.svcSleepThread
                0x00104314        0x8 c:/devkitPro/libctru/lib\libctru.a(svc.o)
                0x00104314                svcSleepThread
 .text.svcReleaseMutex
                0x0010431c        0x8 c:/devkitPro/libctru/lib\libctru.a(svc.o)
                0x0010431c                svcReleaseMutex
 .text.svcCreateEvent
                0x00104324       0x14 c:/devkitPro/libctru/lib\libctru.a(svc.o)
                0x00104324                svcCreateEvent
 .text.svcSignalEvent
                0x00104338        0x8 c:/devkitPro/libctru/lib\libctru.a(svc.o)
                0x00104338                svcSignalEvent
 .text.svcClearEvent
                0x00104340        0x8 c:/devkitPro/libctru/lib\libctru.a(svc.o)
                0x00104340                svcClearEvent
 .text.svcMapMemoryBlock
                0x00104348        0x8 c:/devkitPro/libctru/lib\libctru.a(svc.o)
                0x00104348                svcMapMemoryBlock
 .text.svcUnmapMemoryBlock
                0x00104350        0x8 c:/devkitPro/libctru/lib\libctru.a(svc.o)
                0x00104350                svcUnmapMemoryBlock
 .text.svcCreateAddressArbiter
                0x00104358       0x14 c:/devkitPro/libctru/lib\libctru.a(svc.o)
                0x00104358                svcCreateAddressArbiter
 .text.svcArbitrateAddress
                0x0010436c       0x18 c:/devkitPro/libctru/lib\libctru.a(svc.o)
                0x0010436c                svcArbitrateAddress
 .text.svcCloseHandle
                0x00104384        0x8 c:/devkitPro/libctru/lib\libctru.a(svc.o)
                0x00104384                svcCloseHandle
 .text.svcWaitSynchronization
                0x0010438c        0x8 c:/devkitPro/libctru/lib\libctru.a(svc.o)
                0x0010438c                svcWaitSynchronization
 .text.svcWaitSynchronizationN
                0x00104394       0x28 c:/devkitPro/libctru/lib\libctru.a(svc.o)
                0x00104394                svcWaitSynchronizationN
 .text.svcDuplicateHandle
                0x001043bc       0x14 c:/devkitPro/libctru/lib\libctru.a(svc.o)
                0x001043bc                svcDuplicateHandle
 .text.svcGetSystemTick
                0x001043d0        0x8 c:/devkitPro/libctru/lib\libctru.a(svc.o)
                0x001043d0                svcGetSystemTick
 .text.svcGetSystemInfo
                0x001043d8       0x18 c:/devkitPro/libctru/lib\libctru.a(svc.o)
                0x001043d8                svcGetSystemInfo
 .text.svcConnectToPort
                0x001043f0       0x14 c:/devkitPro/libctru/lib\libctru.a(svc.o)
                0x001043f0                svcConnectToPort
 .text.svcSendSyncRequest
                0x00104404        0x8 c:/devkitPro/libctru/lib\libctru.a(svc.o)
                0x00104404                svcSendSyncRequest
 .text.svcBreak
                0x0010440c        0x8 c:/devkitPro/libctru/lib\libctru.a(svc.o)
                0x0010440c                svcBreak
 .text.svcOutputDebugString
                0x00104414        0x8 c:/devkitPro/libctru/lib\libctru.a(svc.o)
                0x00104414                svcOutputDebugString
 .text._ZL21addrMapNodeComparatorPK11rbtree_nodeS1_
                0x0010441c       0x24 c:/devkitPro/libctru/lib\libctru.a(linear.o)
 .text._ZL21addrMapNodeDestructorP11rbtree_node
                0x00104440        0x4 c:/devkitPro/libctru/lib\libctru.a(linear.o)
 .text.linearMemAlign
                0x00104444      0x13c c:/devkitPro/libctru/lib\libctru.a(linear.o)
                0x00104444                linearMemAlign
 .text.linearAlloc
                0x00104580        0x8 c:/devkitPro/libctru/lib\libctru.a(linear.o)
                0x00104580                linearAlloc
 .text.linearFree
                0x00104588       0x50 c:/devkitPro/libctru/lib\libctru.a(linear.o)
                0x00104588                linearFree
 .text._ZL21addrMapNodeComparatorPK11rbtree_nodeS1_
                0x001045d8       0x24 c:/devkitPro/libctru/lib\libctru.a(mappable.o)
 .text._ZL21addrMapNodeDestructorP11rbtree_node
                0x001045fc        0x4 c:/devkitPro/libctru/lib\libctru.a(mappable.o)
 .text.mappableAlloc
                0x00104600       0xf4 c:/devkitPro/libctru/lib\libctru.a(mappable.o)
                0x00104600                mappableAlloc
 .text.mappableFree
                0x001046f4       0x50 c:/devkitPro/libctru/lib\libctru.a(mappable.o)
                0x001046f4                mappableFree
 .text._ZL21addrMapNodeComparatorPK11rbtree_nodeS1_
                0x00104744       0x24 c:/devkitPro/libctru/lib\libctru.a(vram.o)
 .text._ZL21addrMapNodeDestructorP11rbtree_node
                0x00104768        0x4 c:/devkitPro/libctru/lib\libctru.a(vram.o)
 .text.vramMemAlign
                0x0010476c      0x12c c:/devkitPro/libctru/lib\libctru.a(vram.o)
                0x0010476c                vramMemAlign
 .text.vramAlloc
                0x00104898        0x8 c:/devkitPro/libctru/lib\libctru.a(vram.o)
                0x00104898                vramAlloc
 .text.vramFree
                0x001048a0       0x50 c:/devkitPro/libctru/lib\libctru.a(vram.o)
                0x001048a0                vramFree
 .text.threadCreate
                0x001048f0      0x1bc c:/devkitPro/libctru/lib\libctru.a(thread.o)
                0x001048f0                threadCreate
 .text.threadJoin
                0x00104aac       0x24 c:/devkitPro/libctru/lib\libctru.a(thread.o)
                0x00104aac                threadJoin
 .text.threadExit
                0x00104ad0       0x70 c:/devkitPro/libctru/lib\libctru.a(thread.o)
                0x00104ad0                threadExit
 .text._thread_begin
                0x00104b40       0x40 c:/devkitPro/libctru/lib\libctru.a(thread.o)
 .text.srvExit  0x00104b80       0x50 c:/devkitPro/libctru/lib\libctru.a(srv.o)
                0x00104b80                srvExit
 .text.srvRegisterClient
                0x00104bd0       0x38 c:/devkitPro/libctru/lib\libctru.a(srv.o)
                0x00104bd0                srvRegisterClient
 .text.srvInit  0x00104c08       0x78 c:/devkitPro/libctru/lib\libctru.a(srv.o)
                0x00104c08                srvInit
 .text.srvGetServiceHandleDirect
                0x00104c80       0x68 c:/devkitPro/libctru/lib\libctru.a(srv.o)
                0x00104c80                srvGetServiceHandleDirect
 .text.srvGetServiceHandle
                0x00104ce8       0x38 c:/devkitPro/libctru/lib\libctru.a(srv.o)
                0x00104ce8                srvGetServiceHandle
 .text.getSysTime
                0x00104d20       0x58 c:/devkitPro/libctru/lib\libctru.a(os.o)
 .text.osGetMemRegionUsed
                0x00104d78       0x24 c:/devkitPro/libctru/lib\libctru.a(os.o)
                0x00104d78                osGetMemRegionUsed
 *fill*         0x00104d9c        0x4 
 .text.__libctru_gtod
                0x00104da0       0xf4 c:/devkitPro/libctru/lib\libctru.a(os.o)
                0x00104da0                __libctru_gtod
 .text.__ctru_speedup_config
                0x00104e94       0x34 c:/devkitPro/libctru/lib\libctru.a(os.o)
                0x00104e94                __ctru_speedup_config
 .text.envGetHandle
                0x00104ec8       0x84 c:/devkitPro/libctru/lib\libctru.a(env.o)
                0x00104ec8                envGetHandle
 .text.envDestroyHandles
                0x00104f4c       0x4c c:/devkitPro/libctru/lib\libctru.a(env.o)
                0x00104f4c                envDestroyHandles
 .text.LightLock_Unlock.part.1
                0x00104f98       0x34 c:/devkitPro/libctru/lib\libctru.a(synchronization.o)
 .text.__sync_init
                0x00104fcc        0xc c:/devkitPro/libctru/lib\libctru.a(synchronization.o)
                0x00104fcc                __sync_init
 .text.__sync_fini
                0x00104fd8       0x18 c:/devkitPro/libctru/lib\libctru.a(synchronization.o)
                0x00104fd8                __sync_fini
 .text.__sync_get_arbiter
                0x00104ff0       0x10 c:/devkitPro/libctru/lib\libctru.a(synchronization.o)
                0x00104ff0                __sync_get_arbiter
 .text.LightLock_Init
                0x00105000       0x18 c:/devkitPro/libctru/lib\libctru.a(synchronization.o)
                0x00105000                LightLock_Init
 .text.LightLock_Lock
                0x00105018       0xa0 c:/devkitPro/libctru/lib\libctru.a(synchronization.o)
                0x00105018                LightLock_Lock
 .text.LightLock_TryLock
                0x001050b8       0x34 c:/devkitPro/libctru/lib\libctru.a(synchronization.o)
                0x001050b8                LightLock_TryLock
 .text.LightLock_Unlock
                0x001050ec       0x20 c:/devkitPro/libctru/lib\libctru.a(synchronization.o)
                0x001050ec                LightLock_Unlock
 .text.RecursiveLock_Init
                0x0010510c       0x24 c:/devkitPro/libctru/lib\libctru.a(synchronization.o)
                0x0010510c                RecursiveLock_Init
 .text.RecursiveLock_Lock
                0x00105130       0x30 c:/devkitPro/libctru/lib\libctru.a(synchronization.o)
                0x00105130                RecursiveLock_Lock
 .text.RecursiveLock_TryLock
                0x00105160       0x58 c:/devkitPro/libctru/lib\libctru.a(synchronization.o)
                0x00105160                RecursiveLock_TryLock
 .text.RecursiveLock_Unlock
                0x001051b8       0x38 c:/devkitPro/libctru/lib\libctru.a(synchronization.o)
                0x001051b8                RecursiveLock_Unlock
 .text.LightEvent_Init
                0x001051f0       0x38 c:/devkitPro/libctru/lib\libctru.a(synchronization.o)
                0x001051f0                LightEvent_Init
 .text.LightEvent_Clear
                0x00105228       0x7c c:/devkitPro/libctru/lib\libctru.a(synchronization.o)
                0x00105228                LightEvent_Clear
 .text.LightEvent_Signal
                0x001052a4       0xdc c:/devkitPro/libctru/lib\libctru.a(synchronization.o)
                0x001052a4                LightEvent_Signal
 .text.LightEvent_Wait
                0x00105380       0xd0 c:/devkitPro/libctru/lib\libctru.a(synchronization.o)
                0x00105380                LightEvent_Wait
 .text.ptmSysmInit
                0x00105450       0x70 c:/devkitPro/libctru/lib\libctru.a(ptmsysm.o)
                0x00105450                ptmSysmInit
 .text.ptmSysmExit
                0x001054c0       0x34 c:/devkitPro/libctru/lib\libctru.a(ptmsysm.o)
                0x001054c0                ptmSysmExit
 .text.PTMSYSM_ConfigureNew3DSCPU
                0x001054f4       0x34 c:/devkitPro/libctru/lib\libctru.a(ptmsysm.o)
                0x001054f4                PTMSYSM_ConfigureNew3DSCPU
 .text.rbtree_find
                0x00105528       0x70 c:/devkitPro/libctru/lib\libctru.a(rbtree_find.o)
                0x00105528                rbtree_find
 .text.rbtree_remove
                0x00105598      0x324 c:/devkitPro/libctru/lib\libctru.a(rbtree_remove.o)
                0x00105598                rbtree_remove
 .text.rbtree_node_next
                0x001058bc       0x74 c:/devkitPro/libctru/lib\libctru.a(rbtree_iterator.o)
                0x001058bc                rbtree_node_next
 .text.rbtree_rotate
                0x00105930       0x94 c:/devkitPro/libctru/lib\libctru.a(rbtree_rotate.o)
                0x00105930                rbtree_rotate
 .text.do_insert
                0x001059c4      0x18c c:/devkitPro/libctru/lib\libctru.a(rbtree_insert.o)
 .text.rbtree_insert
                0x00105b50        0x8 c:/devkitPro/libctru/lib\libctru.a(rbtree_insert.o)
                0x00105b50                rbtree_insert
 .text.rbtree_init
                0x00105b58       0x14 c:/devkitPro/libctru/lib\libctru.a(rbtree_init.o)
                0x00105b58                rbtree_init
 .text.__libctru_exit
                0x00105b6c       0xa4 c:/devkitPro/libctru/lib\libctru.a(ctru_exit.o)
                0x00105b6c                __libctru_exit
 .text.__appExit
                0x00105c10       0x1c c:/devkitPro/libctru/lib\libctru.a(appExit.o)
                0x00105c10                __appExit
 .text.osGetMemRegionSize
                0x00105c2c       0x58 c:/devkitPro/libctru/lib\libctru.a(allocateHeaps.o)
 .text.__system_allocateHeaps
                0x00105c84      0x104 c:/devkitPro/libctru/lib\libctru.a(allocateHeaps.o)
                0x00105c84                __system_allocateHeaps
 .text.__ctru_get_reent
                0x00105d88       0x30 c:/devkitPro/libctru/lib\libctru.a(syscalls.o)
 .text.__system_initSyscalls
                0x00105db8       0xe4 c:/devkitPro/libctru/lib\libctru.a(syscalls.o)
                0x00105db8                __system_initSyscalls
 .text.__appInit
                0x00105e9c       0x1c c:/devkitPro/libctru/lib\libctru.a(appInit.o)
                0x00105e9c                __appInit
 .text._ZN7MemPool13CoalesceRightEP8MemBlock
                0x00105eb8       0x98 c:/devkitPro/libctru/lib\libctru.a(mem_pool.o)
                0x00105eb8                MemPool::CoalesceRight(MemBlock*)
 .text._ZN7MemPool8AllocateER8MemChunkmi
                0x00105f50      0x178 c:/devkitPro/libctru/lib\libctru.a(mem_pool.o)
                0x00105f50                MemPool::Allocate(MemChunk&, unsigned long, int)
 .text._ZN7MemPool10DeallocateERK8MemChunk
                0x001060c8      0x100 c:/devkitPro/libctru/lib\libctru.a(mem_pool.o)
                0x001060c8                MemPool::Deallocate(MemChunk const&)
 .text.sdmc_link
                0x001061c8       0x10 c:/devkitPro/libctru/lib\libctru.a(sdmc_dev.o)
 .text.sdmc_dirreset
                0x001061d8       0x10 c:/devkitPro/libctru/lib\libctru.a(sdmc_dev.o)
 .text.sdmc_fchmod
                0x001061e8       0x10 c:/devkitPro/libctru/lib\libctru.a(sdmc_dev.o)
 .text.error_cmp
                0x001061f8       0x24 c:/devkitPro/libctru/lib\libctru.a(sdmc_dev.o)
 .text.sdmc_translate_error
                0x0010621c       0x50 c:/devkitPro/libctru/lib\libctru.a(sdmc_dev.o)
 .text.sdmc_fsync
                0x0010626c       0x34 c:/devkitPro/libctru/lib\libctru.a(sdmc_dev.o)
 .text.sdmc_ftruncate
                0x001062a0       0x54 c:/devkitPro/libctru/lib\libctru.a(sdmc_dev.o)
 .text.sdmc_statvfs
                0x001062f4       0xb8 c:/devkitPro/libctru/lib\libctru.a(sdmc_dev.o)
 .text.sdmc_dirclose
                0x001063ac       0x38 c:/devkitPro/libctru/lib\libctru.a(sdmc_dev.o)
 .text.sdmc_dirnext
                0x001063e4      0x138 c:/devkitPro/libctru/lib\libctru.a(sdmc_dev.o)
 .text.sdmc_close
                0x0010651c       0x34 c:/devkitPro/libctru/lib\libctru.a(sdmc_dev.o)
 .text.sdmc_fstat
                0x00106550       0x74 c:/devkitPro/libctru/lib\libctru.a(sdmc_dev.o)
 .text.sdmc_seek
                0x001065c4       0xd8 c:/devkitPro/libctru/lib\libctru.a(sdmc_dev.o)
 .text.sdmc_read
                0x0010669c       0x84 c:/devkitPro/libctru/lib\libctru.a(sdmc_dev.o)
 .text.sdmc_write_safe
                0x00106720      0x110 c:/devkitPro/libctru/lib\libctru.a(sdmc_dev.o)
 .text.sdmc_utf16path
                0x00106830      0x1b4 c:/devkitPro/libctru/lib\libctru.a(sdmc_dev.o)
 .text.sdmc_rmdir
                0x001069e4       0x74 c:/devkitPro/libctru/lib\libctru.a(sdmc_dev.o)
 .text.sdmc_diropen
                0x00106a58       0xa4 c:/devkitPro/libctru/lib\libctru.a(sdmc_dev.o)
 .text.sdmc_chdir
                0x00106afc       0xa0 c:/devkitPro/libctru/lib\libctru.a(sdmc_dev.o)
 .text.sdmc_mkdir
                0x00106b9c       0x98 c:/devkitPro/libctru/lib\libctru.a(sdmc_dev.o)
 .text.sdmc_rename
                0x00106c34      0x108 c:/devkitPro/libctru/lib\libctru.a(sdmc_dev.o)
 .text.sdmc_unlink
                0x00106d3c       0x74 c:/devkitPro/libctru/lib\libctru.a(sdmc_dev.o)
 .text.sdmc_stat
                0x00106db0      0x108 c:/devkitPro/libctru/lib\libctru.a(sdmc_dev.o)
 .text.sdmc_open
                0x00106eb8      0x188 c:/devkitPro/libctru/lib\libctru.a(sdmc_dev.o)
 .text.sdmc_chmod
                0x00107040       0x10 c:/devkitPro/libctru/lib\libctru.a(sdmc_dev.o)
 .text.sdmcInit
                0x00107050      0x15c c:/devkitPro/libctru/lib\libctru.a(sdmc_dev.o)
                0x00107050                sdmcInit
 .text.sdmcExit
                0x001071ac       0x58 c:/devkitPro/libctru/lib\libctru.a(sdmc_dev.o)
                0x001071ac                sdmcExit
 .text.fsSessionForArchive.part.0
                0x00107204       0x28 c:/devkitPro/libctru/lib\libctru.a(fs.o)
 .text.fsInit   0x0010722c       0xc8 c:/devkitPro/libctru/lib\libctru.a(fs.o)
                0x0010722c                fsInit
 .text.fsExit   0x001072f4       0x38 c:/devkitPro/libctru/lib\libctru.a(fs.o)
                0x001072f4                fsExit
 .text.fsExemptFromSession
                0x0010732c       0xa0 c:/devkitPro/libctru/lib\libctru.a(fs.o)
                0x0010732c                fsExemptFromSession
 .text.fsUnexemptFromSession
                0x001073cc       0x54 c:/devkitPro/libctru/lib\libctru.a(fs.o)
                0x001073cc                fsUnexemptFromSession
 .text.FSUSER_OpenFile
                0x00107420       0xbc c:/devkitPro/libctru/lib\libctru.a(fs.o)
                0x00107420                FSUSER_OpenFile
 .text.FSUSER_DeleteFile
                0x001074dc       0xa4 c:/devkitPro/libctru/lib\libctru.a(fs.o)
                0x001074dc                FSUSER_DeleteFile
 .text.FSUSER_RenameFile
                0x00107580       0xe0 c:/devkitPro/libctru/lib\libctru.a(fs.o)
                0x00107580                FSUSER_RenameFile
 .text.FSUSER_DeleteDirectory
                0x00107660       0xa4 c:/devkitPro/libctru/lib\libctru.a(fs.o)
                0x00107660                FSUSER_DeleteDirectory
 .text.FSUSER_CreateFile
                0x00107704       0xbc c:/devkitPro/libctru/lib\libctru.a(fs.o)
                0x00107704                FSUSER_CreateFile
 .text.FSUSER_CreateDirectory
                0x001077c0       0xac c:/devkitPro/libctru/lib\libctru.a(fs.o)
                0x001077c0                FSUSER_CreateDirectory
 .text.FSUSER_RenameDirectory
                0x0010786c       0xe0 c:/devkitPro/libctru/lib\libctru.a(fs.o)
                0x0010786c                FSUSER_RenameDirectory
 .text.FSUSER_OpenDirectory
                0x0010794c       0xa4 c:/devkitPro/libctru/lib\libctru.a(fs.o)
                0x0010794c                FSUSER_OpenDirectory
 .text.FSUSER_OpenArchive
                0x001079f0       0x98 c:/devkitPro/libctru/lib\libctru.a(fs.o)
                0x001079f0                FSUSER_OpenArchive
 .text.FSUSER_CloseArchive
                0x00107a88       0x74 c:/devkitPro/libctru/lib\libctru.a(fs.o)
                0x00107a88                FSUSER_CloseArchive
 .text.FSUSER_GetSdmcArchiveResource
                0x00107afc       0x78 c:/devkitPro/libctru/lib\libctru.a(fs.o)
                0x00107afc                FSUSER_GetSdmcArchiveResource
 .text.FSUSER_IsSdmcWritable
                0x00107b74       0x64 c:/devkitPro/libctru/lib\libctru.a(fs.o)
                0x00107b74                FSUSER_IsSdmcWritable
 .text.FSFILE_Read
                0x00107bd8       0x5c c:/devkitPro/libctru/lib\libctru.a(fs.o)
                0x00107bd8                FSFILE_Read
 .text.FSFILE_Write
                0x00107c34       0x64 c:/devkitPro/libctru/lib\libctru.a(fs.o)
                0x00107c34                FSFILE_Write
 .text.FSFILE_GetSize
                0x00107c98       0x3c c:/devkitPro/libctru/lib\libctru.a(fs.o)
                0x00107c98                FSFILE_GetSize
 .text.FSFILE_SetSize
                0x00107cd4       0x2c c:/devkitPro/libctru/lib\libctru.a(fs.o)
                0x00107cd4                FSFILE_SetSize
 .text.FSFILE_Close
                0x00107d00       0x3c c:/devkitPro/libctru/lib\libctru.a(fs.o)
                0x00107d00                FSFILE_Close
 .text.FSFILE_Flush
                0x00107d3c       0x24 c:/devkitPro/libctru/lib\libctru.a(fs.o)
                0x00107d3c                FSFILE_Flush
 .text.FSDIR_Read
                0x00107d60       0x54 c:/devkitPro/libctru/lib\libctru.a(fs.o)
                0x00107d60                FSDIR_Read
 .text.FSDIR_Close
                0x00107db4       0x3c c:/devkitPro/libctru/lib\libctru.a(fs.o)
                0x00107db4                FSDIR_Close
 .text.utf8_to_utf16
                0x00107df0       0xc0 c:/devkitPro/libctru/lib\libctru.a(utf8_to_utf16.o)
                0x00107df0                utf8_to_utf16
 .text.decode_utf8
                0x00107eb0      0x138 c:/devkitPro/libctru/lib\libctru.a(decode_utf8.o)
                0x00107eb0                decode_utf8
 .text.utf16_to_utf8
                0x00107fe8       0xe8 c:/devkitPro/libctru/lib\libctru.a(utf16_to_utf8.o)
                0x00107fe8                utf16_to_utf8
 .text.encode_utf8
                0x001080d0      0x104 c:/devkitPro/libctru/lib\libctru.a(encode_utf8.o)
                0x001080d0                encode_utf8
 .text.encode_utf16
                0x001081d4       0x68 c:/devkitPro/libctru/lib\libctru.a(encode_utf16.o)
                0x001081d4                encode_utf16
 .text.__aeabi_read_tp
                0x0010823c        0xc c:/devkitPro/libctru/lib\libctru.a(readtp.o)
                0x0010823c                __aeabi_read_tp
 .text.decode_utf16
                0x00108248       0x60 c:/devkitPro/libctru/lib\libctru.a(decode_utf16.o)
                0x00108248                decode_utf16
 .text.__udivmoddi4
                0x001082a8      0x128 c:/devkitpro/devkitarm/bin/../lib/gcc/arm-none-eabi/6.3.0/armv6k/fpu\libgcc.a(_udivmoddi4.o)
                0x001082a8                __udivmoddi4
 .text.bsearch  0x001083d0       0x74 c:/devkitpro/devkitarm/bin/../lib/gcc/arm-none-eabi/6.3.0/../../../../arm-none-eabi/lib/armv6k/fpu\libg.a(lib_a-bsearch.o)
                0x001083d0                bsearch
 .text.__libc_fini_array
                0x00108444       0x40 c:/devkitpro/devkitarm/bin/../lib/gcc/arm-none-eabi/6.3.0/../../../../arm-none-eabi/lib/armv6k/fpu\libg.a(lib_a-fini.o)
                0x00108444                __libc_fini_array
 .text.__libc_init_array
                0x00108484       0x78 c:/devkitpro/devkitarm/bin/../lib/gcc/arm-none-eabi/6.3.0/../../../../arm-none-eabi/lib/armv6k/fpu\libg.a(lib_a-init.o)
                0x00108484                __libc_init_array
 .text.memalign
                0x001084fc       0x20 c:/devkitpro/devkitarm/bin/../lib/gcc/arm-none-eabi/6.3.0/../../../../arm-none-eabi/lib/armv6k/fpu\libg.a(lib_a-malign.o)
                0x001084fc                memalign
 .text._memalign_r
                0x0010851c      0x158 c:/devkitpro/devkitarm/bin/../lib/gcc/arm-none-eabi/6.3.0/../../../../arm-none-eabi/lib/armv6k/fpu\libg.a(lib_a-malignr.o)
                0x0010851c                _memalign_r
 .text.malloc   0x00108674       0x18 c:/devkitpro/devkitarm/bin/../lib/gcc/arm-none-eabi/6.3.0/../../../../arm-none-eabi/lib/armv6k/fpu\libg.a(lib_a-malloc.o)
                0x00108674                malloc
 .text.free     0x0010868c       0x18 c:/devkitpro/devkitarm/bin/../lib/gcc/arm-none-eabi/6.3.0/../../../../arm-none-eabi/lib/armv6k/fpu\libg.a(lib_a-malloc.o)
                0x0010868c                free
 .text._malloc_r
                0x001086a4      0x78c c:/devkitpro/devkitarm/bin/../lib/gcc/arm-none-eabi/6.3.0/../../../../arm-none-eabi/lib/armv6k/fpu\libg.a(lib_a-mallocr.o)
                0x001086a4                _malloc_r
 .text.memchr   0x00108e30      0x104 c:/devkitpro/devkitarm/bin/../lib/gcc/arm-none-eabi/6.3.0/../../../../arm-none-eabi/lib/armv6k/fpu\libg.a(lib_a-memchr-stub.o)
                0x00108e30                memchr
 .text.memcpy   0x00108f34      0x114 c:/devkitpro/devkitarm/bin/../lib/gcc/arm-none-eabi/6.3.0/../../../../arm-none-eabi/lib/armv6k/fpu\libg.a(lib_a-memcpy-stub.o)
                0x00108f34                memcpy
 .text.memset   0x00109048      0x110 c:/devkitpro/devkitarm/bin/../lib/gcc/arm-none-eabi/6.3.0/../../../../arm-none-eabi/lib/armv6k/fpu\libg.a(lib_a-memset.o)
                0x00109048                memset
 .text.__malloc_lock
                0x00109158        0xc c:/devkitpro/devkitarm/bin/../lib/gcc/arm-none-eabi/6.3.0/../../../../arm-none-eabi/lib/armv6k/fpu\libg.a(lib_a-mlock.o)
                0x00109158                __malloc_lock
 .text.__malloc_unlock
                0x00109164        0xc c:/devkitpro/devkitarm/bin/../lib/gcc/arm-none-eabi/6.3.0/../../../../arm-none-eabi/lib/armv6k/fpu\libg.a(lib_a-mlock.o)
                0x00109164                __malloc_unlock
 .text.setvbuf  0x00109170      0x258 c:/devkitpro/devkitarm/bin/../lib/gcc/arm-none-eabi/6.3.0/../../../../arm-none-eabi/lib/armv6k/fpu\libg.a(lib_a-setvbuf.o)
                0x00109170                setvbuf
 .text.sscanf   0x001093c8       0x74 c:/devkitpro/devkitarm/bin/../lib/gcc/arm-none-eabi/6.3.0/../../../../arm-none-eabi/lib/armv6k/fpu\libg.a(lib_a-sscanf.o)
                0x001093c8                sscanf
 .text.__sread  0x0010943c       0x3c c:/devkitpro/devkitarm/bin/../lib/gcc/arm-none-eabi/6.3.0/../../../../arm-none-eabi/lib/armv6k/fpu\libg.a(lib_a-stdio.o)
                0x0010943c                __sread
 .text.__seofread
                0x00109478        0x8 c:/devkitpro/devkitarm/bin/../lib/gcc/arm-none-eabi/6.3.0/../../../../arm-none-eabi/lib/armv6k/fpu\libg.a(lib_a-stdio.o)
                0x00109478                __seofread
 .text.__swrite
                0x00109480       0x64 c:/devkitpro/devkitarm/bin/../lib/gcc/arm-none-eabi/6.3.0/../../../../arm-none-eabi/lib/armv6k/fpu\libg.a(lib_a-stdio.o)
                0x00109480                __swrite
 .text.__sseek  0x001094e4       0x4c c:/devkitpro/devkitarm/bin/../lib/gcc/arm-none-eabi/6.3.0/../../../../arm-none-eabi/lib/armv6k/fpu\libg.a(lib_a-stdio.o)
                0x001094e4                __sseek
 .text.__sclose
                0x00109530        0x8 c:/devkitpro/devkitarm/bin/../lib/gcc/arm-none-eabi/6.3.0/../../../../arm-none-eabi/lib/armv6k/fpu\libg.a(lib_a-stdio.o)
                0x00109530                __sclose
 .text.strlen   0x00109538       0x5c c:/devkitpro/devkitarm/bin/../lib/gcc/arm-none-eabi/6.3.0/../../../../arm-none-eabi/lib/armv6k/fpu\libg.a(lib_a-strlen-stub.o)
                0x00109538                strlen
 .text.strncat  0x00109594       0x9c c:/devkitpro/devkitarm/bin/../lib/gcc/arm-none-eabi/6.3.0/../../../../arm-none-eabi/lib/armv6k/fpu\libg.a(lib_a-strncat.o)
                0x00109594                strncat
 .text.strncpy  0x00109630       0xd8 c:/devkitpro/devkitarm/bin/../lib/gcc/arm-none-eabi/6.3.0/../../../../arm-none-eabi/lib/armv6k/fpu\libg.a(lib_a-strncpy.o)
                0x00109630                strncpy
 .text.__ssvfscanf_r
                0x00109708     0x290c c:/devkitpro/devkitarm/bin/../lib/gcc/arm-none-eabi/6.3.0/../../../../arm-none-eabi/lib/armv6k/fpu\libg.a(lib_a-svfscanf.o)
                0x00109708                __ssvfscanf_r
 .text._wcrtomb_r
                0x0010c014       0xa0 c:/devkitpro/devkitarm/bin/../lib/gcc/arm-none-eabi/6.3.0/../../../../arm-none-eabi/lib/armv6k/fpu\libg.a(lib_a-wcrtomb.o)
                0x0010c014                _wcrtomb_r
 .text._wcsrtombs_r
                0x0010c0b4       0x20 c:/devkitpro/devkitarm/bin/../lib/gcc/arm-none-eabi/6.3.0/../../../../arm-none-eabi/lib/armv6k/fpu\libg.a(lib_a-wcsrtombs.o)
                0x0010c0b4                _wcsrtombs_r
 .text.__sflush_r
                0x0010c0d4      0x254 c:/devkitpro/devkitarm/bin/../lib/gcc/arm-none-eabi/6.3.0/../../../../arm-none-eabi/lib/armv6k/fpu\libg.a(lib_a-fflush.o)
                0x0010c0d4                __sflush_r
 .text._fflush_r
                0x0010c328       0x94 c:/devkitpro/devkitarm/bin/../lib/gcc/arm-none-eabi/6.3.0/../../../../arm-none-eabi/lib/armv6k/fpu\libg.a(lib_a-fflush.o)
                0x0010c328                _fflush_r
 .text._cleanup_r
                0x0010c3bc        0xc c:/devkitpro/devkitarm/bin/../lib/gcc/arm-none-eabi/6.3.0/../../../../arm-none-eabi/lib/armv6k/fpu\libg.a(lib_a-findfp.o)
                0x0010c3bc                _cleanup_r
 .text.std.isra.0
                0x0010c3c8       0x80 c:/devkitpro/devkitarm/bin/../lib/gcc/arm-none-eabi/6.3.0/../../../../arm-none-eabi/lib/armv6k/fpu\libg.a(lib_a-findfp.o)
 .text.__sinit  0x0010c448       0x8c c:/devkitpro/devkitarm/bin/../lib/gcc/arm-none-eabi/6.3.0/../../../../arm-none-eabi/lib/armv6k/fpu\libg.a(lib_a-findfp.o)
                0x0010c448                __sinit
 .text.__sfp_lock_acquire
                0x0010c4d4        0xc c:/devkitpro/devkitarm/bin/../lib/gcc/arm-none-eabi/6.3.0/../../../../arm-none-eabi/lib/armv6k/fpu\libg.a(lib_a-findfp.o)
                0x0010c4d4                __sfp_lock_acquire
 .text.__sfp_lock_release
                0x0010c4e0        0xc c:/devkitpro/devkitarm/bin/../lib/gcc/arm-none-eabi/6.3.0/../../../../arm-none-eabi/lib/armv6k/fpu\libg.a(lib_a-findfp.o)
                0x0010c4e0                __sfp_lock_release
 .text._malloc_trim_r
                0x0010c4ec       0xf8 c:/devkitpro/devkitarm/bin/../lib/gcc/arm-none-eabi/6.3.0/../../../../arm-none-eabi/lib/armv6k/fpu\libg.a(lib_a-freer.o)
                0x0010c4ec                _malloc_trim_r
 .text._free_r  0x0010c5e4      0x2e4 c:/devkitpro/devkitarm/bin/../lib/gcc/arm-none-eabi/6.3.0/../../../../arm-none-eabi/lib/armv6k/fpu\libg.a(lib_a-freer.o)
                0x0010c5e4                _free_r
 .text._fwalk_reent
                0x0010c8c8       0x80 c:/devkitpro/devkitarm/bin/../lib/gcc/arm-none-eabi/6.3.0/../../../../arm-none-eabi/lib/armv6k/fpu\libg.a(lib_a-fwalk.o)
                0x0010c8c8                _fwalk_reent
 .text.iswspace
                0x0010c948       0x74 c:/devkitpro/devkitarm/bin/../lib/gcc/arm-none-eabi/6.3.0/../../../../arm-none-eabi/lib/armv6k/fpu\libg.a(lib_a-iswspace.o)
                0x0010c948                iswspace
 .text.__jp2uc  0x0010c9bc      0x204 c:/devkitpro/devkitarm/bin/../lib/gcc/arm-none-eabi/6.3.0/../../../../arm-none-eabi/lib/armv6k/fpu\libg.a(lib_a-jp2uc.o)
 .text._jp2uc   0x0010cbc0       0xc8 c:/devkitpro/devkitarm/bin/../lib/gcc/arm-none-eabi/6.3.0/../../../../arm-none-eabi/lib/armv6k/fpu\libg.a(lib_a-jp2uc.o)
                0x0010cbc0                _jp2uc
 .text.__localeconv_l
                0x0010cc88        0x8 c:/devkitpro/devkitarm/bin/../lib/gcc/arm-none-eabi/6.3.0/../../../../arm-none-eabi/lib/armv6k/fpu\libg.a(lib_a-localeconv.o)
                0x0010cc88                __localeconv_l
 .text._localeconv_r
                0x0010cc90       0x24 c:/devkitpro/devkitarm/bin/../lib/gcc/arm-none-eabi/6.3.0/../../../../arm-none-eabi/lib/armv6k/fpu\libg.a(lib_a-localeconv.o)
                0x0010cc90                _localeconv_r
 .text.__locale_mb_cur_max
                0x0010ccb4       0x24 c:/devkitpro/devkitarm/bin/../lib/gcc/arm-none-eabi/6.3.0/../../../../arm-none-eabi/lib/armv6k/fpu\libg.a(lib_a-locale.o)
                0x0010ccb4                __locale_mb_cur_max
 .text.__locale_ctype_ptr_l
                0x0010ccd8        0x8 c:/devkitpro/devkitarm/bin/../lib/gcc/arm-none-eabi/6.3.0/../../../../arm-none-eabi/lib/armv6k/fpu\libg.a(lib_a-locale.o)
                0x0010ccd8                __locale_ctype_ptr_l
 .text.__locale_ctype_ptr
                0x0010cce0       0x24 c:/devkitpro/devkitarm/bin/../lib/gcc/arm-none-eabi/6.3.0/../../../../arm-none-eabi/lib/armv6k/fpu\libg.a(lib_a-locale.o)
                0x0010cce0                __locale_ctype_ptr
 .text.__swhatbuf_r
                0x0010cd04       0x94 c:/devkitpro/devkitarm/bin/../lib/gcc/arm-none-eabi/6.3.0/../../../../arm-none-eabi/lib/armv6k/fpu\libg.a(lib_a-makebuf.o)
                0x0010cd04                __swhatbuf_r
 .text._mbrtowc_r
                0x0010cd98       0xb4 c:/devkitpro/devkitarm/bin/../lib/gcc/arm-none-eabi/6.3.0/../../../../arm-none-eabi/lib/armv6k/fpu\libg.a(lib_a-mbrtowc.o)
                0x0010cd98                _mbrtowc_r
 .text.__utf8_mbtowc
                0x0010ce4c      0x300 c:/devkitpro/devkitarm/bin/../lib/gcc/arm-none-eabi/6.3.0/../../../../arm-none-eabi/lib/armv6k/fpu\libg.a(lib_a-mbtowc_r.o)
                0x0010ce4c                __utf8_mbtowc
 .text.memmove  0x0010d14c      0x148 c:/devkitpro/devkitarm/bin/../lib/gcc/arm-none-eabi/6.3.0/../../../../arm-none-eabi/lib/armv6k/fpu\libg.a(lib_a-memmove.o)
                0x0010d14c                memmove
 .text._realloc_r
                0x0010d294      0x4cc c:/devkitpro/devkitarm/bin/../lib/gcc/arm-none-eabi/6.3.0/../../../../arm-none-eabi/lib/armv6k/fpu\libg.a(lib_a-reallocr.o)
                0x0010d294                _realloc_r
 .text.__sccl   0x0010d760       0xcc c:/devkitpro/devkitarm/bin/../lib/gcc/arm-none-eabi/6.3.0/../../../../arm-none-eabi/lib/armv6k/fpu\libg.a(lib_a-sccl.o)
                0x0010d760                __sccl
 .text.nanf     0x0010d82c        0xc c:/devkitpro/devkitarm/bin/../lib/gcc/arm-none-eabi/6.3.0/../../../../arm-none-eabi/lib/armv6k/fpu\libg.a(lib_a-sf_nan.o)
                0x0010d82c                nanf
 .text.sprintf  0x0010d838       0x68 c:/devkitpro/devkitarm/bin/../lib/gcc/arm-none-eabi/6.3.0/../../../../arm-none-eabi/lib/armv6k/fpu\libg.a(lib_a-sprintf.o)
                0x0010d838                sprintf
 .text.stpncpy  0x0010d8a0      0x100 c:/devkitpro/devkitarm/bin/../lib/gcc/arm-none-eabi/6.3.0/../../../../arm-none-eabi/lib/armv6k/fpu\libg.a(lib_a-stpncpy.o)
                0x0010d8a0                stpncpy
 .text.strchr   0x0010d9a0      0x1ac c:/devkitpro/devkitarm/bin/../lib/gcc/arm-none-eabi/6.3.0/../../../../arm-none-eabi/lib/armv6k/fpu\libg.a(lib_a-strchr.o)
                0x0010d9a0                strchr
 .text.strncmp  0x0010db4c      0x108 c:/devkitpro/devkitarm/bin/../lib/gcc/arm-none-eabi/6.3.0/../../../../arm-none-eabi/lib/armv6k/fpu\libg.a(lib_a-strncmp.o)
                0x0010db4c                strncmp
 .text.unlikely.sulp
                0x0010dc54       0x54 c:/devkitpro/devkitarm/bin/../lib/gcc/arm-none-eabi/6.3.0/../../../../arm-none-eabi/lib/armv6k/fpu\libg.a(lib_a-strtod.o)
 .text._strtod_l
                0x0010dca8     0x1434 c:/devkitpro/devkitarm/bin/../lib/gcc/arm-none-eabi/6.3.0/../../../../arm-none-eabi/lib/armv6k/fpu\libg.a(lib_a-strtod.o)
                0x0010dca8                _strtod_l
 .text._strtod_r
                0x0010f0dc       0x3c c:/devkitpro/devkitarm/bin/../lib/gcc/arm-none-eabi/6.3.0/../../../../arm-none-eabi/lib/armv6k/fpu\libg.a(lib_a-strtod.o)
                0x0010f0dc                _strtod_r
 .text._strtoll_l.isra.0
                0x0010f118      0x2dc c:/devkitpro/devkitarm/bin/../lib/gcc/arm-none-eabi/6.3.0/../../../../arm-none-eabi/lib/armv6k/fpu\libg.a(lib_a-strtoll.o)
 .text._strtoll_r
                0x0010f3f4       0x50 c:/devkitpro/devkitarm/bin/../lib/gcc/arm-none-eabi/6.3.0/../../../../arm-none-eabi/lib/armv6k/fpu\libg.a(lib_a-strtoll.o)
                0x0010f3f4                _strtoll_r
 .text._strtol_l.isra.0
                0x0010f444      0x220 c:/devkitpro/devkitarm/bin/../lib/gcc/arm-none-eabi/6.3.0/../../../../arm-none-eabi/lib/armv6k/fpu\libg.a(lib_a-strtol.o)
 .text._strtol_r
                0x0010f664       0x50 c:/devkitpro/devkitarm/bin/../lib/gcc/arm-none-eabi/6.3.0/../../../../arm-none-eabi/lib/armv6k/fpu\libg.a(lib_a-strtol.o)
                0x0010f664                _strtol_r
 *fill*         0x0010f6b4        0x4 
 .text._strtoull_l.isra.0
                0x0010f6b8      0x268 c:/devkitpro/devkitarm/bin/../lib/gcc/arm-none-eabi/6.3.0/../../../../arm-none-eabi/lib/armv6k/fpu\libg.a(lib_a-strtoull.o)
 .text._strtoull_r
                0x0010f920       0x50 c:/devkitpro/devkitarm/bin/../lib/gcc/arm-none-eabi/6.3.0/../../../../arm-none-eabi/lib/armv6k/fpu\libg.a(lib_a-strtoull.o)
                0x0010f920                _strtoull_r
 .text._strtoul_l.isra.0
                0x0010f970      0x1e4 c:/devkitpro/devkitarm/bin/../lib/gcc/arm-none-eabi/6.3.0/../../../../arm-none-eabi/lib/armv6k/fpu\libg.a(lib_a-strtoul.o)
 .text._strtoul_r
                0x0010fb54       0x50 c:/devkitpro/devkitarm/bin/../lib/gcc/arm-none-eabi/6.3.0/../../../../arm-none-eabi/lib/armv6k/fpu\libg.a(lib_a-strtoul.o)
                0x0010fb54                _strtoul_r
 .text.__ssprint_r
                0x0010fba4      0x188 c:/devkitpro/devkitarm/bin/../lib/gcc/arm-none-eabi/6.3.0/../../../../arm-none-eabi/lib/armv6k/fpu\libg.a(lib_a-svfiprintf.o)
                0x0010fba4                __ssprint_r
 .text._sungetc_r
                0x0010fd2c       0xe8 c:/devkitpro/devkitarm/bin/../lib/gcc/arm-none-eabi/6.3.0/../../../../arm-none-eabi/lib/armv6k/fpu\libg.a(lib_a-svfiscanf.o)
                0x0010fd2c                _sungetc_r
 .text.__ssrefill_r
                0x0010fe14       0x6c c:/devkitpro/devkitarm/bin/../lib/gcc/arm-none-eabi/6.3.0/../../../../arm-none-eabi/lib/armv6k/fpu\libg.a(lib_a-svfiscanf.o)
                0x0010fe14                __ssrefill_r
 .text._sfread_r
                0x0010fe80       0xd0 c:/devkitpro/devkitarm/bin/../lib/gcc/arm-none-eabi/6.3.0/../../../../arm-none-eabi/lib/armv6k/fpu\libg.a(lib_a-svfiscanf.o)
                0x0010fe80                _sfread_r
 .text.get_arg  0x0010ff50     0x1624 c:/devkitpro/devkitarm/bin/../lib/gcc/arm-none-eabi/6.3.0/../../../../arm-none-eabi/lib/armv6k/fpu\libg.a(lib_a-svfprintf.o)
 *fill*         0x00111574        0x4 
 .text._svfprintf_r
                0x00111578     0x41c4 c:/devkitpro/devkitarm/bin/../lib/gcc/arm-none-eabi/6.3.0/../../../../arm-none-eabi/lib/armv6k/fpu\libg.a(lib_a-svfprintf.o)
                0x00111578                _svfprintf_r
 .text.__submore
                0x0011573c       0xa8 c:/devkitpro/devkitarm/bin/../lib/gcc/arm-none-eabi/6.3.0/../../../../arm-none-eabi/lib/armv6k/fpu\libg.a(lib_a-ungetc.o)
                0x0011573c                __submore
 .text._wcsnrtombs_l
                0x001157e4      0x174 c:/devkitpro/devkitarm/bin/../lib/gcc/arm-none-eabi/6.3.0/../../../../arm-none-eabi/lib/armv6k/fpu\libg.a(lib_a-wcsnrtombs.o)
                0x001157e4                _wcsnrtombs_l
 .text._wcsnrtombs_r
                0x00115958       0x64 c:/devkitpro/devkitarm/bin/../lib/gcc/arm-none-eabi/6.3.0/../../../../arm-none-eabi/lib/armv6k/fpu\libg.a(lib_a-wcsnrtombs.o)
                0x00115958                _wcsnrtombs_r
 .text.__utf8_wctomb
                0x001159bc       0xe8 c:/devkitpro/devkitarm/bin/../lib/gcc/arm-none-eabi/6.3.0/../../../../arm-none-eabi/lib/armv6k/fpu\libg.a(lib_a-wctomb_r.o)
                0x001159bc                __utf8_wctomb
 .text.quorem   0x00115aa4      0x1d0 c:/devkitpro/devkitarm/bin/../lib/gcc/arm-none-eabi/6.3.0/../../../../arm-none-eabi/lib/armv6k/fpu\libg.a(lib_a-dtoa.o)
 *fill*         0x00115c74        0x4 
 .text._dtoa_r  0x00115c78     0x1260 c:/devkitpro/devkitarm/bin/../lib/gcc/arm-none-eabi/6.3.0/../../../../arm-none-eabi/lib/armv6k/fpu\libg.a(lib_a-dtoa.o)
                0x00115c78                _dtoa_r
 .text._fclose_r
                0x00116ed8      0x154 c:/devkitpro/devkitarm/bin/../lib/gcc/arm-none-eabi/6.3.0/../../../../arm-none-eabi/lib/armv6k/fpu\libg.a(lib_a-fclose.o)
                0x00116ed8                _fclose_r
 .text.rshift   0x0011702c       0xf0 c:/devkitpro/devkitarm/bin/../lib/gcc/arm-none-eabi/6.3.0/../../../../arm-none-eabi/lib/armv6k/fpu\libg.a(lib_a-gdtoa-gethex.o)
 .text.__gethex
                0x0011711c      0x7f4 c:/devkitpro/devkitarm/bin/../lib/gcc/arm-none-eabi/6.3.0/../../../../arm-none-eabi/lib/armv6k/fpu\libg.a(lib_a-gdtoa-gethex.o)
                0x0011711c                __gethex
 .text.__match  0x00117910       0x64 c:/devkitpro/devkitarm/bin/../lib/gcc/arm-none-eabi/6.3.0/../../../../arm-none-eabi/lib/armv6k/fpu\libg.a(lib_a-gdtoa-hexnan.o)
                0x00117910                __match
 .text.__hexnan
                0x00117974      0x264 c:/devkitpro/devkitarm/bin/../lib/gcc/arm-none-eabi/6.3.0/../../../../arm-none-eabi/lib/armv6k/fpu\libg.a(lib_a-gdtoa-hexnan.o)
                0x00117974                __hexnan
 .text._Balloc  0x00117bd8       0x88 c:/devkitpro/devkitarm/bin/../lib/gcc/arm-none-eabi/6.3.0/../../../../arm-none-eabi/lib/armv6k/fpu\libg.a(lib_a-mprec.o)
                0x00117bd8                _Balloc
 .text._Bfree   0x00117c60       0x1c c:/devkitpro/devkitarm/bin/../lib/gcc/arm-none-eabi/6.3.0/../../../../arm-none-eabi/lib/armv6k/fpu\libg.a(lib_a-mprec.o)
                0x00117c60                _Bfree
 .text.__multadd
                0x00117c7c       0xd8 c:/devkitpro/devkitarm/bin/../lib/gcc/arm-none-eabi/6.3.0/../../../../arm-none-eabi/lib/armv6k/fpu\libg.a(lib_a-mprec.o)
                0x00117c7c                __multadd
 .text.__s2b    0x00117d54       0xf0 c:/devkitpro/devkitarm/bin/../lib/gcc/arm-none-eabi/6.3.0/../../../../arm-none-eabi/lib/armv6k/fpu\libg.a(lib_a-mprec.o)
                0x00117d54                __s2b
 .text.__hi0bits
                0x00117e44       0x58 c:/devkitpro/devkitarm/bin/../lib/gcc/arm-none-eabi/6.3.0/../../../../arm-none-eabi/lib/armv6k/fpu\libg.a(lib_a-mprec.o)
                0x00117e44                __hi0bits
 .text.__lo0bits
                0x00117e9c       0x9c c:/devkitpro/devkitarm/bin/../lib/gcc/arm-none-eabi/6.3.0/../../../../arm-none-eabi/lib/armv6k/fpu\libg.a(lib_a-mprec.o)
                0x00117e9c                __lo0bits
 .text.__i2b    0x00117f38       0x20 c:/devkitpro/devkitarm/bin/../lib/gcc/arm-none-eabi/6.3.0/../../../../arm-none-eabi/lib/armv6k/fpu\libg.a(lib_a-mprec.o)
                0x00117f38                __i2b
 .text.__multiply
                0x00117f58      0x1cc c:/devkitpro/devkitarm/bin/../lib/gcc/arm-none-eabi/6.3.0/../../../../arm-none-eabi/lib/armv6k/fpu\libg.a(lib_a-mprec.o)
                0x00117f58                __multiply
 .text.__pow5mult
                0x00118124      0x100 c:/devkitpro/devkitarm/bin/../lib/gcc/arm-none-eabi/6.3.0/../../../../arm-none-eabi/lib/armv6k/fpu\libg.a(lib_a-mprec.o)
                0x00118124                __pow5mult
 .text.__lshift
                0x00118224       0xe4 c:/devkitpro/devkitarm/bin/../lib/gcc/arm-none-eabi/6.3.0/../../../../arm-none-eabi/lib/armv6k/fpu\libg.a(lib_a-mprec.o)
                0x00118224                __lshift
 .text.__mcmp   0x00118308       0x60 c:/devkitpro/devkitarm/bin/../lib/gcc/arm-none-eabi/6.3.0/../../../../arm-none-eabi/lib/armv6k/fpu\libg.a(lib_a-mprec.o)
                0x00118308                __mcmp
 .text.__mdiff  0x00118368      0x198 c:/devkitpro/devkitarm/bin/../lib/gcc/arm-none-eabi/6.3.0/../../../../arm-none-eabi/lib/armv6k/fpu\libg.a(lib_a-mprec.o)
                0x00118368                __mdiff
 .text.__ulp    0x00118500       0x78 c:/devkitpro/devkitarm/bin/../lib/gcc/arm-none-eabi/6.3.0/../../../../arm-none-eabi/lib/armv6k/fpu\libg.a(lib_a-mprec.o)
                0x00118500                __ulp
 .text.__b2d    0x00118578       0xd4 c:/devkitpro/devkitarm/bin/../lib/gcc/arm-none-eabi/6.3.0/../../../../arm-none-eabi/lib/armv6k/fpu\libg.a(lib_a-mprec.o)
                0x00118578                __b2d
 .text.__d2b    0x0011864c      0x108 c:/devkitpro/devkitarm/bin/../lib/gcc/arm-none-eabi/6.3.0/../../../../arm-none-eabi/lib/armv6k/fpu\libg.a(lib_a-mprec.o)
                0x0011864c                __d2b
 .text.__ratio  0x00118754       0x7c c:/devkitpro/devkitarm/bin/../lib/gcc/arm-none-eabi/6.3.0/../../../../arm-none-eabi/lib/armv6k/fpu\libg.a(lib_a-mprec.o)
                0x00118754                __ratio
 .text.__copybits
                0x001187d0       0x6c c:/devkitpro/devkitarm/bin/../lib/gcc/arm-none-eabi/6.3.0/../../../../arm-none-eabi/lib/armv6k/fpu\libg.a(lib_a-mprec.o)
                0x001187d0                __copybits
 .text.__any_on
                0x0011883c       0x80 c:/devkitpro/devkitarm/bin/../lib/gcc/arm-none-eabi/6.3.0/../../../../arm-none-eabi/lib/armv6k/fpu\libg.a(lib_a-mprec.o)
                0x0011883c                __any_on
 *fill*         0x001188bc        0x4 
 .text.frexp    0x001188c0       0x9c c:/devkitpro/devkitarm/bin/../lib/gcc/arm-none-eabi/6.3.0/../../../../arm-none-eabi/lib/armv6k/fpu\libg.a(lib_a-s_frexp.o)
                0x001188c0                frexp
 .text._calloc_r
                0x0011895c       0x90 c:/devkitpro/devkitarm/bin/../lib/gcc/arm-none-eabi/6.3.0/../../../../arm-none-eabi/lib/armv6k/fpu\libg.a(lib_a-callocr.o)
                0x0011895c                _calloc_r
 .text.null_write
                0x001189ec        0x8 c:/devkitpro/devkitarm/bin/../lib/gcc/arm-none-eabi/6.3.0/../../../../arm-none-eabi/lib/armv6k/fpu\libsysbase.a(iosupport.o)
 .text.setDefaultDevice
                0x001189f4       0x18 c:/devkitpro/devkitarm/bin/../lib/gcc/arm-none-eabi/6.3.0/../../../../arm-none-eabi/lib/armv6k/fpu\libsysbase.a(iosupport.o)
                0x001189f4                setDefaultDevice
 .text.FindDevice
                0x00118a0c       0xcc c:/devkitpro/devkitarm/bin/../lib/gcc/arm-none-eabi/6.3.0/../../../../arm-none-eabi/lib/armv6k/fpu\libsysbase.a(iosupport.o)
                0x00118a0c                FindDevice
 .text.RemoveDevice
                0x00118ad8       0x28 c:/devkitpro/devkitarm/bin/../lib/gcc/arm-none-eabi/6.3.0/../../../../arm-none-eabi/lib/armv6k/fpu\libsysbase.a(iosupport.o)
                0x00118ad8                RemoveDevice
 .text.AddDevice
                0x00118b00       0x98 c:/devkitpro/devkitarm/bin/../lib/gcc/arm-none-eabi/6.3.0/../../../../arm-none-eabi/lib/armv6k/fpu\libsysbase.a(iosupport.o)
                0x00118b00                AddDevice
 .text._close_r
                0x00118b98       0x84 c:/devkitpro/devkitarm/bin/../lib/gcc/arm-none-eabi/6.3.0/../../../../arm-none-eabi/lib/armv6k/fpu\libsysbase.a(close.o)
                0x00118b98                _close_r
 .text._fstat_r
                0x00118c1c       0x7c c:/devkitpro/devkitarm/bin/../lib/gcc/arm-none-eabi/6.3.0/../../../../arm-none-eabi/lib/armv6k/fpu\libsysbase.a(fstat.o)
                0x00118c1c                _fstat_r
 .text._lseek_r
                0x00118c98       0x90 c:/devkitpro/devkitarm/bin/../lib/gcc/arm-none-eabi/6.3.0/../../../../arm-none-eabi/lib/armv6k/fpu\libsysbase.a(lseek.o)
                0x00118c98                _lseek_r
 .text._read_r  0x00118d28       0x88 c:/devkitpro/devkitarm/bin/../lib/gcc/arm-none-eabi/6.3.0/../../../../arm-none-eabi/lib/armv6k/fpu\libsysbase.a(read.o)
                0x00118d28                _read_r
 .text._sbrk_r  0x00118db0       0x70 c:/devkitpro/devkitarm/bin/../lib/gcc/arm-none-eabi/6.3.0/../../../../arm-none-eabi/lib/armv6k/fpu\libsysbase.a(sbrk.o)
                0x00118db0                _sbrk_r
 .text._write_r
                0x00118e20       0x88 c:/devkitpro/devkitarm/bin/../lib/gcc/arm-none-eabi/6.3.0/../../../../arm-none-eabi/lib/armv6k/fpu\libsysbase.a(write.o)
                0x00118e20                _write_r
 .text._concatenate_path
                0x00118ea8      0x1d4 c:/devkitpro/devkitarm/bin/../lib/gcc/arm-none-eabi/6.3.0/../../../../arm-none-eabi/lib/armv6k/fpu\libsysbase.a(chdir.o)
                0x00118ea8                _concatenate_path
 .text.chdir    0x0011907c      0x15c c:/devkitpro/devkitarm/bin/../lib/gcc/arm-none-eabi/6.3.0/../../../../arm-none-eabi/lib/armv6k/fpu\libsysbase.a(chdir.o)
                0x0011907c                chdir
 .text.__flockfile
                0x001191d8        0x8 c:/devkitpro/devkitarm/bin/../lib/gcc/arm-none-eabi/6.3.0/../../../../arm-none-eabi/lib/armv6k/fpu\libsysbase.a(flock.o)
                0x001191d8                __flockfile
 .text.__funlockfile
                0x001191e0        0x8 c:/devkitpro/devkitarm/bin/../lib/gcc/arm-none-eabi/6.3.0/../../../../arm-none-eabi/lib/armv6k/fpu\libsysbase.a(flock.o)
                0x001191e0                __funlockfile
 .text.__libc_lock_acquire
                0x001191e8       0x18 c:/devkitpro/devkitarm/bin/../lib/gcc/arm-none-eabi/6.3.0/../../../../arm-none-eabi/lib/armv6k/fpu\libsysbase.a(syscall_support.o)
                0x001191e8                __libc_lock_acquire
 .text.__libc_lock_release
                0x00119200       0x18 c:/devkitpro/devkitarm/bin/../lib/gcc/arm-none-eabi/6.3.0/../../../../arm-none-eabi/lib/armv6k/fpu\libsysbase.a(syscall_support.o)
                0x00119200                __libc_lock_release
 .text.__libc_lock_init_recursive
                0x00119218       0x18 c:/devkitpro/devkitarm/bin/../lib/gcc/arm-none-eabi/6.3.0/../../../../arm-none-eabi/lib/armv6k/fpu\libsysbase.a(syscall_support.o)
                0x00119218                __libc_lock_init_recursive
 .text.__libc_lock_acquire_recursive
                0x00119230       0x18 c:/devkitpro/devkitarm/bin/../lib/gcc/arm-none-eabi/6.3.0/../../../../arm-none-eabi/lib/armv6k/fpu\libsysbase.a(syscall_support.o)
                0x00119230                __libc_lock_acquire_recursive
 .text.__libc_lock_release_recursive
                0x00119248       0x18 c:/devkitpro/devkitarm/bin/../lib/gcc/arm-none-eabi/6.3.0/../../../../arm-none-eabi/lib/armv6k/fpu\libsysbase.a(syscall_support.o)
                0x00119248                __libc_lock_release_recursive
 .text.__libc_lock_close_recursive
                0x00119260       0x18 c:/devkitpro/devkitarm/bin/../lib/gcc/arm-none-eabi/6.3.0/../../../../arm-none-eabi/lib/armv6k/fpu\libsysbase.a(syscall_support.o)
                0x00119260                __libc_lock_close_recursive
 .text.__free_handle
                0x00119278       0x4c c:/devkitpro/devkitarm/bin/../lib/gcc/arm-none-eabi/6.3.0/../../../../arm-none-eabi/lib/armv6k/fpu\libsysbase.a(handle_manager.o)
                0x00119278                __free_handle
 .text.__release_handle
                0x001192c4       0x40 c:/devkitpro/devkitarm/bin/../lib/gcc/arm-none-eabi/6.3.0/../../../../arm-none-eabi/lib/armv6k/fpu\libsysbase.a(handle_manager.o)
                0x001192c4                __release_handle
 .text.__get_handle
                0x00119304       0x18 c:/devkitpro/devkitarm/bin/../lib/gcc/arm-none-eabi/6.3.0/../../../../arm-none-eabi/lib/armv6k/fpu\libsysbase.a(handle_manager.o)
                0x00119304                __get_handle
 .text.__getreent
                0x0011931c       0x28 c:/devkitpro/devkitarm/bin/../lib/gcc/arm-none-eabi/6.3.0/../../../../arm-none-eabi/lib/armv6k/fpu\libsysbase.a(getreent.o)
                0x0011931c                __getreent
 .text.strnlen  0x00119344       0x5c c:/devkitpro/devkitarm/bin/../lib/gcc/arm-none-eabi/6.3.0/../../../../arm-none-eabi/lib/armv6k/fpu\libg.a(lib_a-strnlen.o)
                0x00119344                strnlen
 .text.strrchr  0x001193a0       0x44 c:/devkitpro/devkitarm/bin/../lib/gcc/arm-none-eabi/6.3.0/../../../../arm-none-eabi/lib/armv6k/fpu\libg.a(lib_a-strrchr.o)
                0x001193a0                strrchr
 *(.glue_7)
 .glue_7        0x001193e4        0x0 linker stubs
 *(.glue_7t)
 .glue_7t       0x001193e4        0x0 linker stubs
 *(.stub)
 *(.gnu.warning)
 *(.gnu.linkonce.t*)
                0x001193e4                . = ALIGN (0x4)
 *(.fini)
 .fini          0x001193e4        0xc c:/devkitpro/devkitarm/bin/../lib/gcc/arm-none-eabi/6.3.0/armv6k/fpu/crti.o
                0x001193e4                _fini
 .fini          0x001193f0        0xc c:/devkitpro/devkitarm/bin/../lib/gcc/arm-none-eabi/6.3.0/armv6k/fpu/crtn.o
                0x001193fc                . = ALIGN (0x4)

.vfp11_veneer   0x001193fc        0x0
 .vfp11_veneer  0x001193fc        0x0 linker stubs

.v4_bx          0x001193fc        0x0
 .v4_bx         0x001193fc        0x0 linker stubs

.iplt           0x001193fc        0x0
 .iplt          0x001193fc        0x0 c:/devkitpro/devkitarm/bin/../lib/gcc/arm-none-eabi/6.3.0/../../../../arm-none-eabi/lib/armv6k/fpu/3dsx_crt0.o

.rodata         0x0011a000     0x4628
 *(.rodata)
 .rodata        0x0011a000       0x1c c:/devkitPro/libctru/lib\libctru.a(gfx.o)
 .rodata        0x0011a01c      0x168 c:/devkitPro/libctru/lib\libctru.a(console.o)
 .rodata        0x0011a184        0xc c:/devkitPro/libctru/lib\libctru.a(apt.o)
 .rodata        0x0011a190      0x804 c:/devkitPro/libctru/lib\libctru.a(default_font.bin.o)
                0x0011a190                default_font_bin
                0x0011a990                default_font_bin_size
                0x0011a990                default_font_bin_end
 .rodata        0x0011a994       0x3c c:/devkitPro/libctru/lib\libctru.a(sdmc_dev.o)
 *(.roda)
 *(.rodata.*)
 .rodata.str1.4
                0x0011a9d0       0x70 c:/devkitPro/libctru/lib\libctru.a(console.o)
 .rodata.str1.4
                0x0011aa40       0x15 c:/devkitPro/libctru/lib\libctru.a(hid.o)
 *fill*         0x0011aa55        0x3 
 .rodata.str1.4
                0x0011aa58       0x16 c:/devkitPro/libctru/lib\libctru.a(apt.o)
 *fill*         0x0011aa6e        0x2 
 .rodata.str1.4
                0x0011aa70        0x9 c:/devkitPro/libctru/lib\libctru.a(gspgpu.o)
 *fill*         0x0011aa79        0x3 
 .rodata.str1.4
                0x0011aa7c        0x7 c:/devkitPro/libctru/lib\libctru.a(irrst.o)
 *fill*         0x0011aa83        0x1 
 .rodata.str1.4
                0x0011aa84        0x5 c:/devkitPro/libctru/lib\libctru.a(srv.o)
 *fill*         0x0011aa89        0x3 
 .rodata.str1.4
                0x0011aa8c        0x9 c:/devkitPro/libctru/lib\libctru.a(ptmsysm.o)
 *fill*         0x0011aa95        0x3 
 .rodata.str1.4
                0x0011aa98        0xd c:/devkitPro/libctru/lib\libctru.a(sdmc_dev.o)
                                 0x11 (size before relaxing)
 *fill*         0x0011aaa5        0x3 
 .rodata.str1.4
                0x0011aaa8        0x8 c:/devkitPro/libctru/lib\libctru.a(fs.o)
                                  0x9 (size before relaxing)
 .rodata.__ssvfscanf_r.str1.4
                0x0011aab0        0x5 c:/devkitpro/devkitarm/bin/../lib/gcc/arm-none-eabi/6.3.0/../../../../arm-none-eabi/lib/armv6k/fpu\libg.a(lib_a-svfscanf.o)
 *fill*         0x0011aab5        0x3 
 .rodata.basefix.8441
                0x0011aab8       0x22 c:/devkitpro/devkitarm/bin/../lib/gcc/arm-none-eabi/6.3.0/../../../../arm-none-eabi/lib/armv6k/fpu\libg.a(lib_a-svfscanf.o)
 *fill*         0x0011aada        0x2 
 .rodata._jp2uc.str1.4
                0x0011aadc       0x12 c:/devkitpro/devkitarm/bin/../lib/gcc/arm-none-eabi/6.3.0/../../../../arm-none-eabi/lib/armv6k/fpu\libg.a(lib_a-jp2uc.o)
 *fill*         0x0011aaee        0x2 
 .rodata.a1     0x0011aaf0       0xbc c:/devkitpro/devkitarm/bin/../lib/gcc/arm-none-eabi/6.3.0/../../../../arm-none-eabi/lib/armv6k/fpu\libg.a(lib_a-jp2uc.o)
 .rodata.a2     0x0011abac       0xbc c:/devkitpro/devkitarm/bin/../lib/gcc/arm-none-eabi/6.3.0/../../../../arm-none-eabi/lib/armv6k/fpu\libg.a(lib_a-jp2uc.o)
 .rodata.a3     0x0011ac68       0x5b c:/devkitpro/devkitarm/bin/../lib/gcc/arm-none-eabi/6.3.0/../../../../arm-none-eabi/lib/armv6k/fpu\libg.a(lib_a-jp2uc.o)
 *fill*         0x0011acc3        0x1 
 .rodata.a6     0x0011acc4       0x70 c:/devkitpro/devkitarm/bin/../lib/gcc/arm-none-eabi/6.3.0/../../../../arm-none-eabi/lib/armv6k/fpu\libg.a(lib_a-jp2uc.o)
 .rodata.a7     0x0011ad34       0xa2 c:/devkitpro/devkitarm/bin/../lib/gcc/arm-none-eabi/6.3.0/../../../../arm-none-eabi/lib/armv6k/fpu\libg.a(lib_a-jp2uc.o)
 *fill*         0x0011add6        0x2 
 .rodata.a8     0x0011add8       0x40 c:/devkitpro/devkitarm/bin/../lib/gcc/arm-none-eabi/6.3.0/../../../../arm-none-eabi/lib/armv6k/fpu\libg.a(lib_a-jp2uc.o)
 .rodata.b02cf  0x0011ae18     0x172a c:/devkitpro/devkitarm/bin/../lib/gcc/arm-none-eabi/6.3.0/../../../../arm-none-eabi/lib/armv6k/fpu\libg.a(lib_a-jp2uc.o)
 *fill*         0x0011c542        0x2 
 .rodata.d02f4  0x0011c544     0x1a7c c:/devkitpro/devkitarm/bin/../lib/gcc/arm-none-eabi/6.3.0/../../../../arm-none-eabi/lib/armv6k/fpu\libg.a(lib_a-jp2uc.o)
 .rodata.str1.4
                0x0011dfc0       0x48 c:/devkitpro/devkitarm/bin/../lib/gcc/arm-none-eabi/6.3.0/../../../../arm-none-eabi/lib/armv6k/fpu\libg.a(lib_a-locale.o)
                                 0x4c (size before relaxing)
 .rodata._mbrtowc_r.str1.4
                0x0011e008        0x1 c:/devkitpro/devkitarm/bin/../lib/gcc/arm-none-eabi/6.3.0/../../../../arm-none-eabi/lib/armv6k/fpu\libg.a(lib_a-mbrtowc.o)
 .rodata._strtod_l.str1.4
                0x0011e008        0xf c:/devkitpro/devkitarm/bin/../lib/gcc/arm-none-eabi/6.3.0/../../../../arm-none-eabi/lib/armv6k/fpu\libg.a(lib_a-strtod.o)
 *fill*         0x0011e017        0x1 
 .rodata.fpi.7277
                0x0011e018       0x14 c:/devkitpro/devkitarm/bin/../lib/gcc/arm-none-eabi/6.3.0/../../../../arm-none-eabi/lib/armv6k/fpu\libg.a(lib_a-strtod.o)
 .rodata.fpinan.7313
                0x0011e02c       0x14 c:/devkitpro/devkitarm/bin/../lib/gcc/arm-none-eabi/6.3.0/../../../../arm-none-eabi/lib/armv6k/fpu\libg.a(lib_a-strtod.o)
 .rodata.tinytens
                0x0011e040       0x28 c:/devkitpro/devkitarm/bin/../lib/gcc/arm-none-eabi/6.3.0/../../../../arm-none-eabi/lib/armv6k/fpu\libg.a(lib_a-strtod.o)
 .rodata.__action_table
                0x0011e068       0x6c c:/devkitpro/devkitarm/bin/../lib/gcc/arm-none-eabi/6.3.0/../../../../arm-none-eabi/lib/armv6k/fpu\libg.a(lib_a-svfiprintf.o)
                0x0011e068                __action_table
 .rodata.__chclass
                0x0011e0d4      0x100 c:/devkitpro/devkitarm/bin/../lib/gcc/arm-none-eabi/6.3.0/../../../../arm-none-eabi/lib/armv6k/fpu\libg.a(lib_a-svfiprintf.o)
                0x0011e0d4                __chclass
 .rodata.__state_table
                0x0011e1d4       0x6c c:/devkitpro/devkitarm/bin/../lib/gcc/arm-none-eabi/6.3.0/../../../../arm-none-eabi/lib/armv6k/fpu\libg.a(lib_a-svfiprintf.o)
                0x0011e1d4                __state_table
 .rodata._svfprintf_r.str1.4
                0x0011e240       0x42 c:/devkitpro/devkitarm/bin/../lib/gcc/arm-none-eabi/6.3.0/../../../../arm-none-eabi/lib/armv6k/fpu\libg.a(lib_a-svfprintf.o)
 *fill*         0x0011e282        0x2 
 .rodata.blanks.8400
                0x0011e284       0x10 c:/devkitpro/devkitarm/bin/../lib/gcc/arm-none-eabi/6.3.0/../../../../arm-none-eabi/lib/armv6k/fpu\libg.a(lib_a-svfprintf.o)
 .rodata.zeroes.8401
                0x0011e294       0x10 c:/devkitpro/devkitarm/bin/../lib/gcc/arm-none-eabi/6.3.0/../../../../arm-none-eabi/lib/armv6k/fpu\libg.a(lib_a-svfprintf.o)
 .rodata._ctype_
                0x0011e2a4      0x101 c:/devkitpro/devkitarm/bin/../lib/gcc/arm-none-eabi/6.3.0/../../../../arm-none-eabi/lib/armv6k/fpu\libg.a(lib_a-ctype_.o)
                0x0011e2a4                _ctype_
 *fill*         0x0011e3a5        0x3 
 .rodata._dtoa_r.str1.4
                0x0011e3a8       0x10 c:/devkitpro/devkitarm/bin/../lib/gcc/arm-none-eabi/6.3.0/../../../../arm-none-eabi/lib/armv6k/fpu\libg.a(lib_a-dtoa.o)
                                 0x12 (size before relaxing)
 .rodata.__hexdig
                0x0011e3b8      0x100 c:/devkitpro/devkitarm/bin/../lib/gcc/arm-none-eabi/6.3.0/../../../../arm-none-eabi/lib/armv6k/fpu\libg.a(lib_a-gdtoa-gethex.o)
                0x0011e3b8                __hexdig
 .rodata.__mprec_bigtens
                0x0011e4b8       0x28 c:/devkitpro/devkitarm/bin/../lib/gcc/arm-none-eabi/6.3.0/../../../../arm-none-eabi/lib/armv6k/fpu\libg.a(lib_a-mprec.o)
                0x0011e4b8                __mprec_bigtens
 .rodata.__mprec_tens
                0x0011e4e0       0xc8 c:/devkitpro/devkitarm/bin/../lib/gcc/arm-none-eabi/6.3.0/../../../../arm-none-eabi/lib/armv6k/fpu\libg.a(lib_a-mprec.o)
                0x0011e4e0                __mprec_tens
 .rodata.p05.7191
                0x0011e5a8        0xc c:/devkitpro/devkitarm/bin/../lib/gcc/arm-none-eabi/6.3.0/../../../../arm-none-eabi/lib/armv6k/fpu\libg.a(lib_a-mprec.o)
 .rodata.AddDevice.str1.4
                0x0011e5b4        0x8 c:/devkitpro/devkitarm/bin/../lib/gcc/arm-none-eabi/6.3.0/../../../../arm-none-eabi/lib/armv6k/fpu\libsysbase.a(iosupport.o)
 .rodata.dotab_stdnull
                0x0011e5bc       0x68 c:/devkitpro/devkitarm/bin/../lib/gcc/arm-none-eabi/6.3.0/../../../../arm-none-eabi/lib/armv6k/fpu\libsysbase.a(iosupport.o)
                0x0011e5bc                dotab_stdnull
 .rodata.DIRECTORY_PARENT
                0x0011e624        0x3 c:/devkitpro/devkitarm/bin/../lib/gcc/arm-none-eabi/6.3.0/../../../../arm-none-eabi/lib/armv6k/fpu\libsysbase.a(chdir.o)
                0x0011e624                DIRECTORY_PARENT
 *all.rodata*(*)
 *(.gnu.linkonce.r*)
                0x0011e628                . = ALIGN (0x4)
 *fill*         0x0011e627        0x1 

.eh_frame       0x0011e628        0x0
 .eh_frame      0x0011e628        0x0 c:/devkitpro/devkitarm/bin/../lib/gcc/arm-none-eabi/6.3.0/armv6k/fpu/crtbegin.o

.rel.dyn        0x0011e628        0x0
 .rel.iplt      0x0011e628        0x0 c:/devkitpro/devkitarm/bin/../lib/gcc/arm-none-eabi/6.3.0/../../../../arm-none-eabi/lib/armv6k/fpu/3dsx_crt0.o

.ARM.extab
 *(.ARM.extab* .gnu.linkonce.armextab.*)
                0x0011e628                __exidx_start = .

ARM.exidx
 *(.ARM.exidx* .gnu.linkonce.armexidx.*)
                0x0011e628                __exidx_end = .

.data           0x0011f000     0x2f4c
 *(.data)
 .data          0x0011f000        0xc c:/devkitPro/libctru/lib\libctru.a(gfx.o)
 .data          0x0011f00c       0x51 c:/devkitPro/libctru/lib\libctru.a(console.o)
                0x0011f00c                defaultConsole
                0x0011f058                currentConsole
 *fill*         0x0011f05d        0x3 
 .data          0x0011f060        0x4 c:/devkitPro/libctru/lib\libctru.a(apt.o)
 .data          0x0011f064        0x4 c:/devkitPro/libctru/lib\libctru.a(gspgpu.o)
 .data          0x0011f068        0x4 c:/devkitPro/libctru/lib\libctru.a(stack_adjust.o)
                0x0011f068                __stacksize__
 .data          0x0011f06c        0x4 c:/devkitPro/libctru/lib\libctru.a(allocateHeaps.o)
                0x0011f06c                __ctru_linear_heap_size
 .data          0x0011f070      0x46c c:/devkitPro/libctru/lib\libctru.a(sdmc_dev.o)
 *(.data.*)
 .data._impure_ptr
                0x0011f4dc        0x4 c:/devkitpro/devkitarm/bin/../lib/gcc/arm-none-eabi/6.3.0/../../../../arm-none-eabi/lib/armv6k/fpu\libg.a(lib_a-impure.o)
                0x0011f4dc                _impure_ptr
 .data.impure_data
                0x0011f4e0      0x460 c:/devkitpro/devkitarm/bin/../lib/gcc/arm-none-eabi/6.3.0/../../../../arm-none-eabi/lib/armv6k/fpu\libg.a(lib_a-impure.o)
 .data.__malloc_av_
                0x0011f940      0x408 c:/devkitpro/devkitarm/bin/../lib/gcc/arm-none-eabi/6.3.0/../../../../arm-none-eabi/lib/armv6k/fpu\libg.a(lib_a-mallocr.o)
                0x0011f940                __malloc_av_
 .data.__malloc_sbrk_base
                0x0011fd48        0x4 c:/devkitpro/devkitarm/bin/../lib/gcc/arm-none-eabi/6.3.0/../../../../arm-none-eabi/lib/armv6k/fpu\libg.a(lib_a-mallocr.o)
                0x0011fd48                __malloc_sbrk_base
 .data.__malloc_trim_threshold
                0x0011fd4c        0x4 c:/devkitpro/devkitarm/bin/../lib/gcc/arm-none-eabi/6.3.0/../../../../arm-none-eabi/lib/armv6k/fpu\libg.a(lib_a-mallocr.o)
                0x0011fd4c                __malloc_trim_threshold
 .data.__malloc_lock_object
                0x0011fd50        0xc c:/devkitpro/devkitarm/bin/../lib/gcc/arm-none-eabi/6.3.0/../../../../arm-none-eabi/lib/armv6k/fpu\libg.a(lib_a-mlock.o)
 .data.__sfp_lock
                0x0011fd5c        0xc c:/devkitpro/devkitarm/bin/../lib/gcc/arm-none-eabi/6.3.0/../../../../arm-none-eabi/lib/armv6k/fpu\libg.a(lib_a-findfp.o)
 .data.__sinit_lock
                0x0011fd68        0xc c:/devkitpro/devkitarm/bin/../lib/gcc/arm-none-eabi/6.3.0/../../../../arm-none-eabi/lib/armv6k/fpu\libg.a(lib_a-findfp.o)
 .data.__global_locale
                0x0011fd74      0x16c c:/devkitpro/devkitarm/bin/../lib/gcc/arm-none-eabi/6.3.0/../../../../arm-none-eabi/lib/armv6k/fpu\libg.a(lib_a-locale.o)
                0x0011fd74                __global_locale
 .data.defaultDevice
                0x0011fee0        0x4 c:/devkitpro/devkitarm/bin/../lib/gcc/arm-none-eabi/6.3.0/../../../../arm-none-eabi/lib/armv6k/fpu\libsysbase.a(iosupport.o)
 .data.devoptab_list
                0x0011fee4       0x40 c:/devkitpro/devkitarm/bin/../lib/gcc/arm-none-eabi/6.3.0/../../../../arm-none-eabi/lib/armv6k/fpu\libsysbase.a(iosupport.o)
                0x0011fee4                devoptab_list
 .data._current_working_directory
                0x0011ff24     0x1000 c:/devkitpro/devkitarm/bin/../lib/gcc/arm-none-eabi/6.3.0/../../../../arm-none-eabi/lib/armv6k/fpu\libsysbase.a(chdir.o)
 .data.__hndl_lock
                0x00120f24        0x4 c:/devkitpro/devkitarm/bin/../lib/gcc/arm-none-eabi/6.3.0/../../../../arm-none-eabi/lib/armv6k/fpu\libsysbase.a(handle_manager.o)
 .data.__stderr_handle
                0x00120f28        0xc c:/devkitpro/devkitarm/bin/../lib/gcc/arm-none-eabi/6.3.0/../../../../arm-none-eabi/lib/armv6k/fpu\libsysbase.a(handle_manager.o)
 .data.__stdin_handle
                0x00120f34        0xc c:/devkitpro/devkitarm/bin/../lib/gcc/arm-none-eabi/6.3.0/../../../../arm-none-eabi/lib/armv6k/fpu\libsysbase.a(handle_manager.o)
 .data.__stdout_handle
                0x00120f40        0xc c:/devkitpro/devkitarm/bin/../lib/gcc/arm-none-eabi/6.3.0/../../../../arm-none-eabi/lib/armv6k/fpu\libsysbase.a(handle_manager.o)
 .data.handles  0x00120f4c     0x1000 c:/devkitpro/devkitarm/bin/../lib/gcc/arm-none-eabi/6.3.0/../../../../arm-none-eabi/lib/armv6k/fpu\libsysbase.a(handle_manager.o)
 *(.gnu.linkonce.d*)
                0x00121f4c                . = ALIGN (0x4)

.igot.plt       0x00121f4c        0x0
 .igot.plt      0x00121f4c        0x0 c:/devkitpro/devkitarm/bin/../lib/gcc/arm-none-eabi/6.3.0/../../../../arm-none-eabi/lib/armv6k/fpu/3dsx_crt0.o

.jcr            0x00121f4c        0x0
 .jcr           0x00121f4c        0x0 c:/devkitpro/devkitarm/bin/../lib/gcc/arm-none-eabi/6.3.0/armv6k/fpu/crtbegin.o

.tm_clone_table
                0x00121f4c        0x0
 .tm_clone_table
                0x00121f4c        0x0 c:/devkitpro/devkitarm/bin/../lib/gcc/arm-none-eabi/6.3.0/armv6k/fpu/crtbegin.o
 .tm_clone_table
                0x00121f4c        0x0 c:/devkitpro/devkitarm/bin/../lib/gcc/arm-none-eabi/6.3.0/armv6k/fpu/crtend.o
                0x00121f4c                __TMC_END__

.tdata          0x00121f4c        0x0
                0x00121f4c                __tdata_lma = .
 *(.tdata)
 *(.tdata.*)
 *(.gnu.linkonce.td.*)
                0x00121f4c                . = ALIGN (0x4)
                0x00121f4c                __tdata_lma_end = .

.tbss           0x00121f4c     0x340c
 *(.tbss)
 .tbss          0x00121f4c     0x340a c:/devkitPro/libctru/lib\libctru.a(sdmc_dev.o)
 *(.tbss.*)
 *(.gnu.linkonce.tb.*)
 *(.tcommon)
                0x00125358                . = ALIGN (0x4)
 *fill*         0x00125356        0x2 

.preinit_array  0x00121f4c        0x0
                0x00121f4c                PROVIDE (__preinit_array_start, .)
 *(.preinit_array)
                0x00121f4c                PROVIDE (__preinit_array_end, .)

.init_array     0x00121f4c        0x4
                0x00121f4c                PROVIDE (__init_array_start, .)
 *(SORT(.init_array.*))
 *(.init_array)
 .init_array    0x00121f4c        0x4 c:/devkitpro/devkitarm/bin/../lib/gcc/arm-none-eabi/6.3.0/armv6k/fpu/crtbegin.o
                0x00121f50                PROVIDE (__init_array_end, .)

.fini_array     0x00121f50        0x4
                0x00121f50                PROVIDE (__fini_array_start, .)
 *(.fini_array)
 .fini_array    0x00121f50        0x4 c:/devkitpro/devkitarm/bin/../lib/gcc/arm-none-eabi/6.3.0/armv6k/fpu/crtbegin.o
 *(SORT(.fini_array.*))
                0x00121f54                PROVIDE (__fini_array_end, .)

.ctors
 *crtbegin.o(.ctors)
 *(EXCLUDE_FILE(*crtend.o) .ctors)
 *(SORT(.ctors.*))
 *(.ctors)

.dtors
 *crtbegin.o(.dtors)
 *(EXCLUDE_FILE(*crtend.o) .dtors)
 *(SORT(.dtors.*))
 *(.dtors)
                0x00121f54                __bss_start__ = .

.bss            0x00121f54     0x57cc
 *(.dynbss)
 *(.bss)
 .bss           0x00121f54        0xe c:/devkitPro/libctru/lib\libctru.a(gfx.o)
 *fill*         0x00121f62        0x2 
 .bss           0x00121f64       0x2c c:/devkitPro/libctru/lib\libctru.a(hid.o)
 .bss           0x00121f90     0x103e c:/devkitPro/libctru/lib\libctru.a(apt.o)
 *fill*         0x00122fce        0x2 
 .bss           0x00122fd0       0xa8 c:/devkitPro/libctru/lib\libctru.a(gspgpu.o)
 .bss           0x00123078        0xc c:/devkitPro/libctru/lib\libctru.a(irrst.o)
 .bss           0x00123084        0x8 c:/devkitPro/libctru/lib\libctru.a(stack_adjust.o)
 .bss           0x0012308c       0x14 c:/devkitPro/libctru/lib\libctru.a(linear.o)
 .bss           0x001230a0       0x14 c:/devkitPro/libctru/lib\libctru.a(mappable.o)
 .bss           0x001230b4       0x14 c:/devkitPro/libctru/lib\libctru.a(vram.o)
 .bss           0x001230c8        0x8 c:/devkitPro/libctru/lib\libctru.a(srv.o)
 .bss           0x001230d0        0x1 c:/devkitPro/libctru/lib\libctru.a(os.o)
                0x001230d0                __ctru_speedup
 *fill*         0x001230d1        0x3 
 .bss           0x001230d4        0x4 c:/devkitPro/libctru/lib\libctru.a(synchronization.o)
 .bss           0x001230d8        0x8 c:/devkitPro/libctru/lib\libctru.a(ptmsysm.o)
 .bss           0x001230e0        0x4 c:/devkitPro/libctru/lib\libctru.a(allocateHeaps.o)
                0x001230e0                __ctru_heap_size
 *fill*         0x001230e4        0x4 
 .bss           0x001230e8        0x9 c:/devkitPro/libctru/lib\libctru.a(sdmc_dev.o)
 *fill*         0x001230f1        0x7 
 .bss           0x001230f8       0x88 c:/devkitPro/libctru/lib\libctru.a(fs.o)
 *(.bss.*)
 .bss.completed.7620
                0x00123180        0x1 c:/devkitpro/devkitarm/bin/../lib/gcc/arm-none-eabi/6.3.0/armv6k/fpu/crtbegin.o
 *fill*         0x00123181        0x3 
 .bss.object.7625
                0x00123184       0x18 c:/devkitpro/devkitarm/bin/../lib/gcc/arm-none-eabi/6.3.0/armv6k/fpu/crtbegin.o
 .bss.__malloc_current_mallinfo
                0x0012319c       0x28 c:/devkitpro/devkitarm/bin/../lib/gcc/arm-none-eabi/6.3.0/../../../../arm-none-eabi/lib/armv6k/fpu\libg.a(lib_a-mallocr.o)
                0x0012319c                __malloc_current_mallinfo
 .bss.__malloc_max_sbrked_mem
                0x001231c4        0x4 c:/devkitpro/devkitarm/bin/../lib/gcc/arm-none-eabi/6.3.0/../../../../arm-none-eabi/lib/armv6k/fpu\libg.a(lib_a-mallocr.o)
                0x001231c4                __malloc_max_sbrked_mem
 .bss.__malloc_max_total_mem
                0x001231c8        0x4 c:/devkitpro/devkitarm/bin/../lib/gcc/arm-none-eabi/6.3.0/../../../../arm-none-eabi/lib/armv6k/fpu\libg.a(lib_a-mallocr.o)
                0x001231c8                __malloc_max_total_mem
 .bss.__malloc_top_pad
                0x001231cc        0x4 c:/devkitpro/devkitarm/bin/../lib/gcc/arm-none-eabi/6.3.0/../../../../arm-none-eabi/lib/armv6k/fpu\libg.a(lib_a-mallocr.o)
                0x001231cc                __malloc_top_pad
 .bss.heap_start.6927
                0x001231d0        0x4 c:/devkitpro/devkitarm/bin/../lib/gcc/arm-none-eabi/6.3.0/../../../../arm-none-eabi/lib/armv6k/fpu\libsysbase.a(sbrk.o)
 .bss.fake_heap_end
                0x001231d4        0x4 c:/devkitpro/devkitarm/bin/../lib/gcc/arm-none-eabi/6.3.0/../../../../arm-none-eabi/lib/armv6k/fpu\libsysbase.a(malloc_vars.o)
                0x001231d4                fake_heap_end
 .bss.fake_heap_start
                0x001231d8        0x4 c:/devkitpro/devkitarm/bin/../lib/gcc/arm-none-eabi/6.3.0/../../../../arm-none-eabi/lib/armv6k/fpu\libsysbase.a(malloc_vars.o)
                0x001231d8                fake_heap_start
 .bss.temp_cwd  0x001231dc     0x1000 c:/devkitpro/devkitarm/bin/../lib/gcc/arm-none-eabi/6.3.0/../../../../arm-none-eabi/lib/armv6k/fpu\libsysbase.a(chdir.o)
 .bss.__syscalls
                0x001241dc       0x38 c:/devkitpro/devkitarm/bin/../lib/gcc/arm-none-eabi/6.3.0/../../../../arm-none-eabi/lib/armv6k/fpu\libsysbase.a(syscall_support.o)
                0x001241dc                __syscalls
 *(.gnu.linkonce.b*)
 *(COMMON)
 COMMON         0x00124214       0x68 c:/devkitPro/libctru/lib\libctru.a(gfx.o)
                0x00124214                gfxBottomFramebuffers
                0x0012421c                gspSharedMemHandle
                0x00124220                bottomFramebufferInfo
                0x0012423c                gspEvent
                0x00124240                gfxTopLeftFramebuffers
                0x00124248                gfxTopRightFramebuffers
                0x00124250                topFramebufferInfo
                0x0012426c                gfxThreadID
                0x00124270                gfxSharedMemory
                0x00124274                gfxTopFramebufferMaxSize
                0x00124278                gfxBottomFramebufferMaxSize
 COMMON         0x0012427c       0x4c c:/devkitPro/libctru/lib\libctru.a(console.o)
                0x0012427c                currentCopy
 COMMON         0x001242c8        0x4 c:/devkitPro/libctru/lib\libctru.a(gx.o)
                0x001242c8                gxCmdBuf
 COMMON         0x001242cc       0x20 c:/devkitPro/libctru/lib\libctru.a(hid.o)
                0x001242cc                hidMemHandle
                0x001242d0                hidHandle
                0x001242d4                hidSharedMem
                0x001242d8                hidEvents
 COMMON         0x001242ec        0x4 c:/devkitPro/libctru/lib\libctru.a(gspgpu.o)
                0x001242ec                gspGpuHandle
 COMMON         0x001242f0       0x10 c:/devkitPro/libctru/lib\libctru.a(irrst.o)
                0x001242f0                irrstHandle
                0x001242f4                irrstEvent
                0x001242f8                irrstMemHandle
                0x001242fc                irrstSharedMem
 COMMON         0x00124300        0x8 c:/devkitPro/libctru/lib\libctru.a(initArgv.o)
                0x00124300                __system_argv
                0x00124304                __system_argc
 COMMON         0x00124308        0x4 c:/devkitPro/libctru/lib\libctru.a(initSystem.o)
                0x00124308                __system_retAddr
 COMMON         0x0012430c        0x8 c:/devkitPro/libctru/lib\libctru.a(allocateHeaps.o)
                0x0012430c                __ctru_linear_heap
                0x00124310                __ctru_heap
                0x00124314                . = ALIGN (0x4)
                0x00124314                __tls_start = .
                0x00127720                . = (. + (SIZEOF (.tdata) + SIZEOF (.tbss)))
 *fill*         0x00124314     0x340c 
                0x00127720                __tls_end = .
                0x00127720                __bss_end__ = .
                0x00127720                __end__ = ABSOLUTE (.)

/DISCARD/
 *(.group .comment .note)

.stab
 *(.stab)

.stabstr
 *(.stabstr)

.stab.excl
 *(.stab.excl)

.stab.exclstr
 *(.stab.exclstr)

.stab.index
 *(.stab.index)

.stab.indexstr
 *(.stab.indexstr)

.debug
 *(.debug)

.line
 *(.line)

.debug_srcinfo
 *(.debug_srcinfo)

.debug_sfnames
 *(.debug_sfnames)

.debug_aranges  0x00000000     0x1348
 *(.debug_aranges)
 .debug_aranges
                0x00000000       0x20 main.o
 .debug_aranges
                0x00000020       0xa0 c:/devkitPro/libctru/lib\libctru.a(gfx.o)
 .debug_aranges
                0x000000c0       0x88 c:/devkitPro/libctru/lib\libctru.a(console.o)
 .debug_aranges
                0x00000148       0x48 c:/devkitPro/libctru/lib\libctru.a(gx.o)
 .debug_aranges
                0x00000190       0xb0 c:/devkitPro/libctru/lib\libctru.a(hid.o)
 .debug_aranges
                0x00000240      0x1e0 c:/devkitPro/libctru/lib\libctru.a(apt.o)
 .debug_aranges
                0x00000420       0xd8 c:/devkitPro/libctru/lib\libctru.a(gspgpu.o)
 .debug_aranges
                0x000004f8       0x68 c:/devkitPro/libctru/lib\libctru.a(irrst.o)
 .debug_aranges
                0x00000560       0x20 c:/devkitPro/libctru/lib\libctru.a(initArgv.o)
 .debug_aranges
                0x00000580       0x20 c:/devkitPro/libctru/lib\libctru.a(initSystem.o)
 .debug_aranges
                0x000005a0      0x2c8 c:/devkitPro/libctru/lib\libctru.a(svc.o)
 .debug_aranges
                0x00000868       0x20 c:/devkitPro/libctru/lib\libctru.a(stack_adjust.o)
 .debug_aranges
                0x00000888       0x50 c:/devkitPro/libctru/lib\libctru.a(linear.o)
 .debug_aranges
                0x000008d8       0x40 c:/devkitPro/libctru/lib\libctru.a(mappable.o)
 .debug_aranges
                0x00000918       0x50 c:/devkitPro/libctru/lib\libctru.a(vram.o)
 .debug_aranges
                0x00000968       0x58 c:/devkitPro/libctru/lib\libctru.a(thread.o)
 .debug_aranges
                0x000009c0       0xa8 c:/devkitPro/libctru/lib\libctru.a(srv.o)
 .debug_aranges
                0x00000a68       0x68 c:/devkitPro/libctru/lib\libctru.a(os.o)
 .debug_aranges
                0x00000ad0       0x28 c:/devkitPro/libctru/lib\libctru.a(env.o)
 .debug_aranges
                0x00000af8       0xa8 c:/devkitPro/libctru/lib\libctru.a(synchronization.o)
 .debug_aranges
                0x00000ba0       0x48 c:/devkitPro/libctru/lib\libctru.a(ptmsysm.o)
 .debug_aranges
                0x00000be8       0x20 c:/devkitPro/libctru/lib\libctru.a(rbtree_find.o)
 .debug_aranges
                0x00000c08       0x20 c:/devkitPro/libctru/lib\libctru.a(rbtree_remove.o)
 .debug_aranges
                0x00000c28       0x28 c:/devkitPro/libctru/lib\libctru.a(rbtree_iterator.o)
 .debug_aranges
                0x00000c50       0x20 c:/devkitPro/libctru/lib\libctru.a(rbtree_rotate.o)
 .debug_aranges
                0x00000c70       0x30 c:/devkitPro/libctru/lib\libctru.a(rbtree_insert.o)
 .debug_aranges
                0x00000ca0       0x20 c:/devkitPro/libctru/lib\libctru.a(rbtree_init.o)
 .debug_aranges
                0x00000cc0       0x20 c:/devkitPro/libctru/lib\libctru.a(ctru_exit.o)
 .debug_aranges
                0x00000ce0       0x20 c:/devkitPro/libctru/lib\libctru.a(appExit.o)
 .debug_aranges
                0x00000d00       0x28 c:/devkitPro/libctru/lib\libctru.a(allocateHeaps.o)
 .debug_aranges
                0x00000d28       0x28 c:/devkitPro/libctru/lib\libctru.a(syscalls.o)
 .debug_aranges
                0x00000d50       0x20 c:/devkitPro/libctru/lib\libctru.a(appInit.o)
 .debug_aranges
                0x00000d70       0x38 c:/devkitPro/libctru/lib\libctru.a(mem_pool.o)
 .debug_aranges
                0x00000da8      0x100 c:/devkitPro/libctru/lib\libctru.a(sdmc_dev.o)
 .debug_aranges
                0x00000ea8      0x3c0 c:/devkitPro/libctru/lib\libctru.a(fs.o)
 .debug_aranges
                0x00001268       0x20 c:/devkitPro/libctru/lib\libctru.a(utf8_to_utf16.o)
 .debug_aranges
                0x00001288       0x20 c:/devkitPro/libctru/lib\libctru.a(decode_utf8.o)
 .debug_aranges
                0x000012a8       0x20 c:/devkitPro/libctru/lib\libctru.a(utf16_to_utf8.o)
 .debug_aranges
                0x000012c8       0x20 c:/devkitPro/libctru/lib\libctru.a(encode_utf8.o)
 .debug_aranges
                0x000012e8       0x20 c:/devkitPro/libctru/lib\libctru.a(encode_utf16.o)
 .debug_aranges
                0x00001308       0x20 c:/devkitPro/libctru/lib\libctru.a(readtp.o)
 .debug_aranges
                0x00001328       0x20 c:/devkitPro/libctru/lib\libctru.a(decode_utf16.o)

.debug_pubnames
 *(.debug_pubnames)

.debug_info     0x00000000    0x27bf5
 *(.debug_info)
 .debug_info    0x00000000      0xc08 main.o
 .debug_info    0x00000c08     0x1552 c:/devkitPro/libctru/lib\libctru.a(gfx.o)
 .debug_info    0x0000215a     0x1f1c c:/devkitPro/libctru/lib\libctru.a(console.o)
 .debug_info    0x00004076      0xcda c:/devkitPro/libctru/lib\libctru.a(gx.o)
 .debug_info    0x00004d50     0x1652 c:/devkitPro/libctru/lib\libctru.a(hid.o)
 .debug_info    0x000063a2     0x4029 c:/devkitPro/libctru/lib\libctru.a(apt.o)
 .debug_info    0x0000a3cb     0x1db7 c:/devkitPro/libctru/lib\libctru.a(gspgpu.o)
 .debug_info    0x0000c182     0x1099 c:/devkitPro/libctru/lib\libctru.a(irrst.o)
 .debug_info    0x0000d21b      0xa0d c:/devkitPro/libctru/lib\libctru.a(initArgv.o)
 .debug_info    0x0000dc28     0x124b c:/devkitPro/libctru/lib\libctru.a(initSystem.o)